[2026-05-15 13:46:21] [DEBUG] Loading plugins...
[2026-05-15 13:46:21] [DEBUG] Apluginsinit.lua
[2026-05-15 13:46:21] [DEBUG] imagefilter.lua
[2026-05-15 13:46:21] [DEBUG] tickMacro.lua
[2026-05-15 13:46:21] [DEBUG] 
[2026-05-15 13:46:21] [DEBUG] ====================
[2026-05-15 13:46:21] [DEBUG] 1 filter plugins loaded
[2026-05-15 13:46:21] [DEBUG] 0 script plugins loaded
[2026-05-15 13:46:21] [DEBUG] 1 init plugins loaded
[2026-05-15 13:46:21] [DEBUG] 1 tick plugins loaded
[2026-05-15 13:46:21] [DEBUG] ====================
[2026-05-15 13:46:21] [DEBUG] 
[2026-05-15 13:46:21] [DEBUG] filesystem initialization complete
[2026-05-15 13:46:22] [DEBUG] 20115
[2026-05-15 13:46:22] [DEBUG] server starting
[2026-05-15 13:46:22] [DEBUG] server running on port 8080
[2026-05-15 13:57:37] [DEBUG] Loading plugins...
[2026-05-15 13:57:37] [DEBUG] Apluginsinit.lua
[2026-05-15 13:57:37] [DEBUG] imagefilter.lua
[2026-05-15 13:57:37] [DEBUG] tickMacro.lua
[2026-05-15 13:57:37] [DEBUG] 
[2026-05-15 13:57:37] [DEBUG] ====================
[2026-05-15 13:57:37] [DEBUG] 1 filter plugins loaded
[2026-05-15 13:57:37] [DEBUG] 0 script plugins loaded
[2026-05-15 13:57:37] [DEBUG] 1 init plugins loaded
[2026-05-15 13:57:37] [DEBUG] 1 tick plugins loaded
[2026-05-15 13:57:37] [DEBUG] ====================
[2026-05-15 13:57:37] [DEBUG] 
[2026-05-15 13:57:37] [DEBUG] filesystem initialization complete
[2026-05-15 13:57:38] [DEBUG] 20115
[2026-05-15 13:57:38] [DEBUG] server starting
[2026-05-15 13:57:38] [DEBUG] server running on port 8080
[2026-05-15 14:05:56] [DEBUG] uploadFile
[2026-05-15 14:05:56] [DEBUG] name: myfile
[2026-05-15 14:05:56] [DEBUG] data: somedata
[2026-05-15 14:05:56] [DEBUG] checking formats
[2026-05-15 14:05:56] [DEBUG] Vaild file type
[2026-05-15 14:05:56] [DEBUG] SHA256: 1dfb94274815041cc59ac7f620449be897d296fb76c737c2ec3efd42745fb2eb
[2026-05-15 14:05:56] [DEBUG] Running filter plugin: imagefilter.lua
[2026-05-15 14:05:56] [FATAL] Begin() did not return a table
[2026-05-15 14:10:41] [DEBUG] Loading plugins...
[2026-05-15 14:10:41] [DEBUG] Apluginsinit.lua
[2026-05-15 14:10:41] [DEBUG] imagefilter.lua
[2026-05-15 14:10:41] [DEBUG] tickMacro.lua
[2026-05-15 14:10:41] [DEBUG] 
[2026-05-15 14:10:41] [DEBUG] ====================
[2026-05-15 14:10:41] [DEBUG] 1 filter plugins loaded
[2026-05-15 14:10:41] [DEBUG] 0 script plugins loaded
[2026-05-15 14:10:41] [DEBUG] 1 init plugins loaded
[2026-05-15 14:10:41] [DEBUG] 1 tick plugins loaded
[2026-05-15 14:10:41] [DEBUG] ====================
[2026-05-15 14:10:41] [DEBUG] 
[2026-05-15 14:10:41] [DEBUG] filesystem initialization complete
[2026-05-15 14:10:42] [DEBUG] 20115
[2026-05-15 14:10:42] [DEBUG] server starting
[2026-05-15 14:10:42] [DEBUG] server running on port 8080
[2026-05-15 14:10:45] [DEBUG] uploadFile
[2026-05-15 14:10:45] [DEBUG] name: myfile
[2026-05-15 14:10:45] [DEBUG] data: somedata
[2026-05-15 14:10:45] [DEBUG] checking formats
[2026-05-15 14:10:45] [DEBUG] Vaild file type
[2026-05-15 14:10:45] [DEBUG] SHA256: 1dfb94274815041cc59ac7f620449be897d296fb76c737c2ec3efd42745fb2eb
[2026-05-15 14:10:45] [DEBUG] Running filter plugin: imagefilter.lua
[2026-05-15 14:10:45] [FATAL] Begin() did not return a table
[2026-05-15 14:15:54] [DEBUG] Loading plugins...
[2026-05-15 14:15:54] [DEBUG] Apluginsinit.lua
[2026-05-15 14:15:54] [DEBUG] imagefilter.lua
[2026-05-15 14:15:54] [DEBUG] tickMacro.lua
[2026-05-15 14:15:54] [DEBUG] 
[2026-05-15 14:15:54] [DEBUG] ====================
[2026-05-15 14:15:54] [DEBUG] 1 filter plugins loaded
[2026-05-15 14:15:54] [DEBUG] 0 script plugins loaded
[2026-05-15 14:15:54] [DEBUG] 1 init plugins loaded
[2026-05-15 14:15:54] [DEBUG] 1 tick plugins loaded
[2026-05-15 14:15:54] [DEBUG] ====================
[2026-05-15 14:15:54] [DEBUG] 
[2026-05-15 14:15:54] [DEBUG] filesystem initialization complete
[2026-05-15 14:15:55] [DEBUG] 20115
[2026-05-15 14:15:55] [DEBUG] server starting
[2026-05-15 14:15:55] [DEBUG] server running on port 8080
[2026-05-15 14:15:58] [DEBUG] uploadFile
[2026-05-15 14:15:58] [DEBUG] name: myfile
[2026-05-15 14:15:58] [DEBUG] data: somedata
[2026-05-15 14:15:58] [DEBUG] checking formats
[2026-05-15 14:15:58] [DEBUG] Vaild file type
[2026-05-15 14:15:58] [DEBUG] SHA256: 1dfb94274815041cc59ac7f620449be897d296fb76c737c2ec3efd42745fb2eb
[2026-05-15 14:15:58] [DEBUG] Running filter plugin: imagefilter.lua
[2026-05-15 14:15:58] [FATAL] plugins/imagefilter.lua:23: cannot perform concat operation between nil and string
stack traceback:
	plugins/imagefilter.lua:23: in main chunk
	[G]: ?
[2026-05-15 14:17:11] [DEBUG] Loading plugins...
[2026-05-15 14:17:11] [DEBUG] Apluginsinit.lua
[2026-05-15 14:17:11] [DEBUG] imagefilter.lua
[2026-05-15 14:17:11] [DEBUG] tickMacro.lua
[2026-05-15 14:17:11] [DEBUG] 
[2026-05-15 14:17:11] [DEBUG] ====================
[2026-05-15 14:17:11] [DEBUG] 1 filter plugins loaded
[2026-05-15 14:17:11] [DEBUG] 0 script plugins loaded
[2026-05-15 14:17:11] [DEBUG] 1 init plugins loaded
[2026-05-15 14:17:11] [DEBUG] 1 tick plugins loaded
[2026-05-15 14:17:11] [DEBUG] ====================
[2026-05-15 14:17:11] [DEBUG] 
[2026-05-15 14:17:11] [DEBUG] filesystem initialization complete
[2026-05-15 14:17:12] [DEBUG] 20115
[2026-05-15 14:17:12] [DEBUG] server starting
[2026-05-15 14:17:12] [DEBUG] server running on port 8080
[2026-05-15 14:17:20] [DEBUG] uploadFile
[2026-05-15 14:17:20] [DEBUG] name: myfile
[2026-05-15 14:17:20] [DEBUG] data: somedata
[2026-05-15 14:17:20] [DEBUG] checking formats
[2026-05-15 14:17:20] [DEBUG] Vaild file type
[2026-05-15 14:17:20] [DEBUG] SHA256: 1dfb94274815041cc59ac7f620449be897d296fb76c737c2ec3efd42745fb2eb
[2026-05-15 14:17:20] [DEBUG] Running filter plugin: imagefilter.lua
[2026-05-15 14:17:41] [DEBUG] Loading plugins...
[2026-05-15 14:17:41] [DEBUG] Apluginsinit.lua
[2026-05-15 14:17:41] [DEBUG] imagefilter.lua
[2026-05-15 14:17:41] [DEBUG] tickMacro.lua
[2026-05-15 14:17:41] [DEBUG] 
[2026-05-15 14:17:41] [DEBUG] ====================
[2026-05-15 14:17:41] [DEBUG] 1 filter plugins loaded
[2026-05-15 14:17:41] [DEBUG] 0 script plugins loaded
[2026-05-15 14:17:41] [DEBUG] 1 init plugins loaded
[2026-05-15 14:17:41] [DEBUG] 1 tick plugins loaded
[2026-05-15 14:17:41] [DEBUG] ====================
[2026-05-15 14:17:41] [DEBUG] 
[2026-05-15 14:17:41] [DEBUG] filesystem initialization complete
[2026-05-15 14:17:42] [DEBUG] 20115
[2026-05-15 14:17:42] [DEBUG] server starting
[2026-05-15 14:17:42] [DEBUG] server running on port 8080
[2026-05-15 14:17:43] [DEBUG] uploadFile
[2026-05-15 14:17:43] [DEBUG] name: myfile
[2026-05-15 14:17:43] [DEBUG] data: somedata
[2026-05-15 14:17:43] [DEBUG] checking formats
[2026-05-15 14:17:43] [DEBUG] Vaild file type
[2026-05-15 14:17:43] [DEBUG] SHA256: 1dfb94274815041cc59ac7f620449be897d296fb76c737c2ec3efd42745fb2eb
[2026-05-15 14:17:43] [DEBUG] Running filter plugin: imagefilter.lua
[2026-05-15 14:17:43] [FATAL] plugins/imagefilter.lua:21: attempt to index a non-table object(nil) with key 'ProcessedBy'
stack traceback:
	plugins/imagefilter.lua:21: in main chunk
	[G]: ?
[2026-05-15 14:18:08] [DEBUG] Loading plugins...
[2026-05-15 14:18:08] [DEBUG] Apluginsinit.lua
[2026-05-15 14:18:08] [DEBUG] imagefilter.lua
[2026-05-15 14:18:08] [DEBUG] tickMacro.lua
[2026-05-15 14:18:08] [DEBUG] 
[2026-05-15 14:18:08] [DEBUG] ====================
[2026-05-15 14:18:08] [DEBUG] 1 filter plugins loaded
[2026-05-15 14:18:08] [DEBUG] 0 script plugins loaded
[2026-05-15 14:18:08] [DEBUG] 1 init plugins loaded
[2026-05-15 14:18:08] [DEBUG] 1 tick plugins loaded
[2026-05-15 14:18:08] [DEBUG] ====================
[2026-05-15 14:18:08] [DEBUG] 
[2026-05-15 14:18:08] [DEBUG] filesystem initialization complete
[2026-05-15 14:18:09] [DEBUG] 20115
[2026-05-15 14:18:09] [DEBUG] server starting
[2026-05-15 14:18:09] [DEBUG] server running on port 8080
[2026-05-15 14:18:10] [DEBUG] uploadFile
[2026-05-15 14:18:10] [DEBUG] name: myfile
[2026-05-15 14:18:10] [DEBUG] data: somedata
[2026-05-15 14:18:10] [DEBUG] checking formats
[2026-05-15 14:18:10] [DEBUG] Vaild file type
[2026-05-15 14:18:10] [DEBUG] SHA256: 1dfb94274815041cc59ac7f620449be897d296fb76c737c2ec3efd42745fb2eb
[2026-05-15 14:18:10] [DEBUG] Running filter plugin: imagefilter.lua
[2026-05-15 14:22:10] [DEBUG] Loading plugins...
[2026-05-15 14:22:10] [DEBUG] Apluginsinit.lua
[2026-05-15 14:22:10] [DEBUG] imagefilter.lua
[2026-05-15 14:22:10] [DEBUG] tickMacro.lua
[2026-05-15 14:22:10] [DEBUG] 
[2026-05-15 14:22:10] [DEBUG] ====================
[2026-05-15 14:22:10] [DEBUG] 1 filter plugins loaded
[2026-05-15 14:22:10] [DEBUG] 0 script plugins loaded
[2026-05-15 14:22:10] [DEBUG] 1 init plugins loaded
[2026-05-15 14:22:10] [DEBUG] 1 tick plugins loaded
[2026-05-15 14:22:10] [DEBUG] ====================
[2026-05-15 14:22:10] [DEBUG] 
[2026-05-15 14:22:10] [DEBUG] filesystem initialization complete
[2026-05-15 14:22:10] [DEBUG] 20115
[2026-05-15 14:22:10] [DEBUG] server starting
[2026-05-15 14:22:10] [DEBUG] server running on port 8080
[2026-05-15 14:22:11] [DEBUG] uploadFile
[2026-05-15 14:22:11] [DEBUG] name: myfile
[2026-05-15 14:22:11] [DEBUG] data: somedata
[2026-05-15 14:22:11] [DEBUG] checking formats
[2026-05-15 14:22:11] [DEBUG] Vaild file type
[2026-05-15 14:22:11] [DEBUG] SHA256: 1dfb94274815041cc59ac7f620449be897d296fb76c737c2ec3efd42745fb2eb
[2026-05-15 14:22:11] [DEBUG] Running filter plugin: imagefilter.lua
[2026-05-15 14:22:17] [DEBUG] uploadFile
[2026-05-15 14:22:17] [DEBUG] name: myfile
[2026-05-15 14:22:17] [DEBUG] data: somedata
[2026-05-15 14:22:17] [DEBUG] checking formats
[2026-05-15 14:22:17] [DEBUG] Vaild file type
[2026-05-15 14:22:17] [DEBUG] SHA256: 1dfb94274815041cc59ac7f620449be897d296fb76c737c2ec3efd42745fb2eb
[2026-05-15 14:22:17] [DEBUG] Running filter plugin: imagefilter.lua
[2026-05-15 14:23:01] [DEBUG] Loading plugins...
[2026-05-15 14:23:01] [DEBUG] Apluginsinit.lua
[2026-05-15 14:23:01] [DEBUG] imagefilter.lua
[2026-05-15 14:23:01] [DEBUG] tickMacro.lua
[2026-05-15 14:23:01] [DEBUG] 
[2026-05-15 14:23:01] [DEBUG] ====================
[2026-05-15 14:23:01] [DEBUG] 1 filter plugins loaded
[2026-05-15 14:23:01] [DEBUG] 0 script plugins loaded
[2026-05-15 14:23:01] [DEBUG] 1 init plugins loaded
[2026-05-15 14:23:01] [DEBUG] 1 tick plugins loaded
[2026-05-15 14:23:01] [DEBUG] ====================
[2026-05-15 14:23:01] [DEBUG] 
[2026-05-15 14:23:01] [DEBUG] filesystem initialization complete
[2026-05-15 14:23:01] [DEBUG] 20115
[2026-05-15 14:23:01] [DEBUG] server starting
[2026-05-15 14:23:01] [DEBUG] server running on port 8080
[2026-05-15 14:23:02] [DEBUG] uploadFile
[2026-05-15 14:23:02] [DEBUG] name: myfile
[2026-05-15 14:23:02] [DEBUG] data: somedata
[2026-05-15 14:23:02] [DEBUG] checking formats
[2026-05-15 14:23:02] [DEBUG] Vaild file type
[2026-05-15 14:23:02] [DEBUG] SHA256: 1dfb94274815041cc59ac7f620449be897d296fb76c737c2ec3efd42745fb2eb
[2026-05-15 14:23:02] [DEBUG] Running filter plugin: imagefilter.lua
[2026-05-15 14:23:02] [DEBUG] 1778869382_test.pdf
[2026-05-15 14:33:54] [DEBUG] Loading plugins...
[2026-05-15 14:33:54] [DEBUG] Apluginsinit.lua
[2026-05-15 14:33:54] [DEBUG] imagefilter.lua
[2026-05-15 14:33:54] [DEBUG] tickMacro.lua
[2026-05-15 14:33:54] [DEBUG] 
[2026-05-15 14:33:54] [DEBUG] ====================
[2026-05-15 14:33:54] [DEBUG] 1 filter plugins loaded
[2026-05-15 14:33:54] [DEBUG] 0 script plugins loaded
[2026-05-15 14:33:54] [DEBUG] 1 init plugins loaded
[2026-05-15 14:33:54] [DEBUG] 1 tick plugins loaded
[2026-05-15 14:33:54] [DEBUG] ====================
[2026-05-15 14:33:54] [DEBUG] 
[2026-05-15 14:33:54] [DEBUG] filesystem initialization complete
[2026-05-15 14:33:55] [DEBUG] 20115
[2026-05-15 14:33:55] [DEBUG] server starting
[2026-05-15 14:33:55] [DEBUG] server running on port 8080
[2026-05-15 14:34:02] [DEBUG] uploadFile
[2026-05-15 14:34:02] [DEBUG] name: myfile
[2026-05-15 14:34:02] [DEBUG] data: somedata
[2026-05-15 14:34:02] [DEBUG] checking formats
[2026-05-15 14:34:02] [DEBUG] Vaild file type
[2026-05-15 14:34:02] [DEBUG] SHA256: 1dfb94274815041cc59ac7f620449be897d296fb76c737c2ec3efd42745fb2eb
[2026-05-15 14:34:02] [DEBUG] Running filter plugin: imagefilter.lua
[2026-05-15 14:35:01] [DEBUG] Loading plugins...
[2026-05-15 14:35:01] [DEBUG] Apluginsinit.lua
[2026-05-15 14:35:01] [DEBUG] imagefilter.lua
[2026-05-15 14:35:01] [DEBUG] tickMacro.lua
[2026-05-15 14:35:01] [DEBUG] 
[2026-05-15 14:35:01] [DEBUG] ====================
[2026-05-15 14:35:01] [DEBUG] 1 filter plugins loaded
[2026-05-15 14:35:01] [DEBUG] 0 script plugins loaded
[2026-05-15 14:35:01] [DEBUG] 1 init plugins loaded
[2026-05-15 14:35:01] [DEBUG] 1 tick plugins loaded
[2026-05-15 14:35:01] [DEBUG] ====================
[2026-05-15 14:35:01] [DEBUG] 
[2026-05-15 14:35:01] [DEBUG] filesystem initialization complete
[2026-05-15 14:35:01] [DEBUG] 20115
[2026-05-15 14:35:01] [DEBUG] server starting
[2026-05-15 14:35:01] [DEBUG] server running on port 8080
[2026-05-15 14:35:03] [DEBUG] uploadFile
[2026-05-15 14:35:03] [DEBUG] name: myfile
[2026-05-15 14:35:03] [DEBUG] data: somedata
[2026-05-15 14:35:03] [DEBUG] checking formats
[2026-05-15 14:35:03] [DEBUG] Vaild file type
[2026-05-15 14:35:03] [DEBUG] SHA256: 1dfb94274815041cc59ac7f620449be897d296fb76c737c2ec3efd42745fb2eb
[2026-05-15 14:35:03] [DEBUG] Running filter plugin: imagefilter.lua
[2026-05-15 14:35:51] [DEBUG] Loading plugins...
[2026-05-15 14:35:51] [DEBUG] Apluginsinit.lua
[2026-05-15 14:35:51] [DEBUG] imagefilter.lua
[2026-05-15 14:35:51] [DEBUG] tickMacro.lua
[2026-05-15 14:35:51] [DEBUG] 
[2026-05-15 14:35:51] [DEBUG] ====================
[2026-05-15 14:35:51] [DEBUG] 1 filter plugins loaded
[2026-05-15 14:35:51] [DEBUG] 0 script plugins loaded
[2026-05-15 14:35:51] [DEBUG] 1 init plugins loaded
[2026-05-15 14:35:51] [DEBUG] 1 tick plugins loaded
[2026-05-15 14:35:51] [DEBUG] ====================
[2026-05-15 14:35:51] [DEBUG] 
[2026-05-15 14:35:51] [DEBUG] filesystem initialization complete
[2026-05-15 14:35:52] [DEBUG] 20115
[2026-05-15 14:35:52] [DEBUG] server starting
[2026-05-15 14:35:52] [DEBUG] server running on port 8080
[2026-05-15 14:35:58] [DEBUG] uploadFile
[2026-05-15 14:35:58] [DEBUG] name: myfile
[2026-05-15 14:35:58] [DEBUG] data: somedata
[2026-05-15 14:35:58] [DEBUG] checking formats
[2026-05-15 14:35:58] [DEBUG] Vaild file type
[2026-05-15 14:35:58] [DEBUG] SHA256: 1dfb94274815041cc59ac7f620449be897d296fb76c737c2ec3efd42745fb2eb
[2026-05-15 14:35:58] [DEBUG] Running filter plugin: imagefilter.lua
[2026-05-15 14:49:00] [DEBUG] Loading plugins...
[2026-05-15 14:49:00] [DEBUG] Apluginsinit.lua
[2026-05-15 14:49:00] [DEBUG] imagefilter.lua
[2026-05-15 14:49:00] [DEBUG] tickMacro.lua
[2026-05-15 14:49:00] [DEBUG] 
[2026-05-15 14:49:00] [DEBUG] ====================
[2026-05-15 14:49:00] [DEBUG] 1 filter plugins loaded
[2026-05-15 14:49:00] [DEBUG] 0 script plugins loaded
[2026-05-15 14:49:00] [DEBUG] 1 init plugins loaded
[2026-05-15 14:49:00] [DEBUG] 1 tick plugins loaded
[2026-05-15 14:49:00] [DEBUG] ====================
[2026-05-15 14:49:00] [DEBUG] 
[2026-05-15 14:49:00] [DEBUG] filesystem initialization complete
[2026-05-15 14:49:01] [DEBUG] 20115
[2026-05-15 14:49:01] [DEBUG] server starting
[2026-05-15 14:49:01] [DEBUG] server running on port 8080
[2026-05-15 14:49:06] [DEBUG] uploadFile
[2026-05-15 14:49:06] [DEBUG] name: myfile
[2026-05-15 14:49:06] [DEBUG] data: somedata
[2026-05-15 14:49:06] [DEBUG] checking formats
[2026-05-15 14:49:06] [DEBUG] Vaild file type
[2026-05-15 14:49:06] [DEBUG] SHA256: 1dfb94274815041cc59ac7f620449be897d296fb76c737c2ec3efd42745fb2eb
[2026-05-15 14:49:06] [DEBUG] Running filter plugin: imagefilter.lua
[2026-05-15 14:51:32] [DEBUG] Loading plugins...
[2026-05-15 14:51:32] [DEBUG] Apluginsinit.lua
[2026-05-15 14:51:32] [DEBUG] imagefilter.lua
[2026-05-15 14:51:32] [DEBUG] tickMacro.lua
[2026-05-15 14:51:32] [DEBUG] 
[2026-05-15 14:51:32] [DEBUG] ====================
[2026-05-15 14:51:32] [DEBUG] 1 filter plugins loaded
[2026-05-15 14:51:32] [DEBUG] 0 script plugins loaded
[2026-05-15 14:51:32] [DEBUG] 1 init plugins loaded
[2026-05-15 14:51:32] [DEBUG] 1 tick plugins loaded
[2026-05-15 14:51:32] [DEBUG] ====================
[2026-05-15 14:51:32] [DEBUG] 
[2026-05-15 14:51:32] [DEBUG] filesystem initialization complete
[2026-05-15 14:51:32] [DEBUG] 20115
[2026-05-15 14:51:32] [DEBUG] server starting
[2026-05-15 14:51:32] [DEBUG] server running on port 8080
[2026-05-15 14:51:41] [DEBUG] uploadFile
[2026-05-15 14:51:41] [DEBUG] name: myfile
[2026-05-15 14:51:41] [DEBUG] data: somedata
[2026-05-15 14:51:41] [DEBUG] checking formats
[2026-05-15 14:51:41] [DEBUG] Vaild file type
[2026-05-15 14:51:41] [DEBUG] SHA256: 1dfb94274815041cc59ac7f620449be897d296fb76c737c2ec3efd42745fb2eb
[2026-05-15 14:51:41] [DEBUG] Running filter plugin: imagefilter.lua
[2026-05-15 15:02:47] [DEBUG] Loading plugins...
[2026-05-15 15:02:47] [DEBUG] Apluginsinit.lua
[2026-05-15 15:02:47] [DEBUG] imagefilter.lua
[2026-05-15 15:02:47] [DEBUG] tickMacro.lua
[2026-05-15 15:02:47] [DEBUG] 
[2026-05-15 15:02:47] [DEBUG] ====================
[2026-05-15 15:02:47] [DEBUG] 1 filter plugins loaded
[2026-05-15 15:02:47] [DEBUG] 0 script plugins loaded
[2026-05-15 15:02:47] [DEBUG] 1 init plugins loaded
[2026-05-15 15:02:47] [DEBUG] 1 tick plugins loaded
[2026-05-15 15:02:47] [DEBUG] ====================
[2026-05-15 15:02:47] [DEBUG] 
[2026-05-15 15:02:47] [DEBUG] filesystem initialization complete
[2026-05-15 15:02:48] [DEBUG] 20115
[2026-05-15 15:02:48] [DEBUG] server starting
[2026-05-15 15:02:48] [DEBUG] server running on port 8080
[2026-05-15 15:02:51] [DEBUG] uploadFile
[2026-05-15 15:02:51] [DEBUG] name: myfile
[2026-05-15 15:02:51] [DEBUG] data: somedata
[2026-05-15 15:02:51] [DEBUG] checking formats
[2026-05-15 15:02:51] [DEBUG] Vaild file type
[2026-05-15 15:02:51] [DEBUG] SHA256: 1dfb94274815041cc59ac7f620449be897d296fb76c737c2ec3efd42745fb2eb
[2026-05-15 15:02:51] [DEBUG] Running filter plugin: imagefilter.lua
[2026-05-15 15:02:51] [DEBUG] Plugin modified entry: Act=processed_by_filter, Meta=11111111111111111111111111111111
[2026-05-15 15:03:16] [DEBUG] Loading plugins...
[2026-05-15 15:03:16] [DEBUG] Apluginsinit.lua
[2026-05-15 15:03:16] [DEBUG] imagefilter.lua
[2026-05-15 15:03:16] [DEBUG] tickMacro.lua
[2026-05-15 15:03:16] [DEBUG] 
[2026-05-15 15:03:16] [DEBUG] ====================
[2026-05-15 15:03:16] [DEBUG] 1 filter plugins loaded
[2026-05-15 15:03:16] [DEBUG] 0 script plugins loaded
[2026-05-15 15:03:16] [DEBUG] 1 init plugins loaded
[2026-05-15 15:03:16] [DEBUG] 1 tick plugins loaded
[2026-05-15 15:03:16] [DEBUG] ====================
[2026-05-15 15:03:16] [DEBUG] 
[2026-05-15 15:03:16] [DEBUG] filesystem initialization complete
[2026-05-15 15:03:17] [DEBUG] 20115
[2026-05-15 15:03:17] [DEBUG] server starting
[2026-05-15 15:03:17] [DEBUG] server running on port 8080
[2026-05-15 15:03:18] [DEBUG] uploadFile
[2026-05-15 15:03:18] [DEBUG] name: myfile
[2026-05-15 15:03:18] [DEBUG] data: somedata
[2026-05-15 15:03:18] [DEBUG] checking formats
[2026-05-15 15:03:18] [DEBUG] Vaild file type
[2026-05-15 15:03:18] [DEBUG] SHA256: 1dfb94274815041cc59ac7f620449be897d296fb76c737c2ec3efd42745fb2eb
[2026-05-15 15:03:18] [DEBUG] Running filter plugin: imagefilter.lua
[2026-05-15 15:03:18] [DEBUG] Plugin modified entry: Act=uuuuggggfilter, Meta=11111111111111111111111111111111
[2026-05-15 15:07:00] [DEBUG] Loading plugins...
[2026-05-15 15:07:00] [DEBUG] Apluginsinit.lua
[2026-05-15 15:07:00] [DEBUG] imagefilter.lua
[2026-05-15 15:07:00] [DEBUG] tickMacro.lua
[2026-05-15 15:07:00] [DEBUG] 
[2026-05-15 15:07:00] [DEBUG] ====================
[2026-05-15 15:07:00] [DEBUG] 1 filter plugins loaded
[2026-05-15 15:07:00] [DEBUG] 0 script plugins loaded
[2026-05-15 15:07:00] [DEBUG] 1 init plugins loaded
[2026-05-15 15:07:00] [DEBUG] 1 tick plugins loaded
[2026-05-15 15:07:00] [DEBUG] ====================
[2026-05-15 15:07:00] [DEBUG] 
[2026-05-15 15:07:00] [DEBUG] filesystem initialization complete
[2026-05-15 15:07:01] [DEBUG] 20115
[2026-05-15 15:07:01] [DEBUG] server starting
[2026-05-15 15:07:01] [DEBUG] server running on port 8080
[2026-05-15 15:07:02] [DEBUG] uploadFile
[2026-05-15 15:07:02] [DEBUG] name: myfile
[2026-05-15 15:07:02] [DEBUG] data: somedata
[2026-05-15 15:07:02] [DEBUG] checking formats
[2026-05-15 15:07:02] [DEBUG] Vaild file type
[2026-05-15 15:07:02] [DEBUG] SHA256: 1dfb94274815041cc59ac7f620449be897d296fb76c737c2ec3efd42745fb2eb
[2026-05-15 15:07:02] [DEBUG] Running filter plugin: imagefilter.lua
[2026-05-15 15:07:02] [DEBUG] Plugin modified entry: Act=uuuugggg, Meta=11111111111111111111111111111111
[2026-05-15 15:09:46] [DEBUG] Loading plugins...
[2026-05-15 15:09:46] [DEBUG] Apluginsinit.lua
[2026-05-15 15:09:46] [DEBUG] imagefilter.lua
[2026-05-15 15:09:46] [DEBUG] testingfilter.lua
[2026-05-15 15:09:46] [DEBUG] tickMacro.lua
[2026-05-15 15:09:46] [DEBUG] 
[2026-05-15 15:09:46] [DEBUG] ====================
[2026-05-15 15:09:46] [DEBUG] 2 filter plugins loaded
[2026-05-15 15:09:46] [DEBUG] 0 script plugins loaded
[2026-05-15 15:09:46] [DEBUG] 1 init plugins loaded
[2026-05-15 15:09:46] [DEBUG] 1 tick plugins loaded
[2026-05-15 15:09:46] [DEBUG] ====================
[2026-05-15 15:09:46] [DEBUG] 
[2026-05-15 15:09:46] [DEBUG] filesystem initialization complete
[2026-05-15 15:09:46] [DEBUG] 20115
[2026-05-15 15:09:46] [DEBUG] server starting
[2026-05-15 15:09:46] [DEBUG] server running on port 8080
[2026-05-15 15:09:57] [DEBUG] uploadFile
[2026-05-15 15:09:57] [DEBUG] name: myfile
[2026-05-15 15:09:57] [DEBUG] data: somedata
[2026-05-15 15:09:57] [DEBUG] checking formats
[2026-05-15 15:09:57] [DEBUG] Vaild file type
[2026-05-15 15:09:57] [DEBUG] SHA256: 1dfb94274815041cc59ac7f620449be897d296fb76c737c2ec3efd42745fb2eb
[2026-05-15 15:09:57] [DEBUG] Running filter plugin: imagefilter.lua
[2026-05-15 15:09:57] [DEBUG] Plugin modified entry: Act=uuuugggg, Meta=11111111111111111111111111111111
[2026-05-15 15:09:57] [DEBUG] Running filter plugin: testingfilter.lua
[2026-05-15 15:09:57] [DEBUG] Plugin modified entry: Act=uuuugggg, Meta=Gabe was here
[2026-05-15 15:10:21] [DEBUG] Loading plugins...
[2026-05-15 15:10:21] [DEBUG] Apluginsinit.lua
[2026-05-15 15:10:21] [DEBUG] imagefilter.lua
[2026-05-15 15:10:21] [DEBUG] testingfilter.lua
[2026-05-15 15:10:21] [DEBUG] tickMacro.lua
[2026-05-15 15:10:21] [DEBUG] 
[2026-05-15 15:10:21] [DEBUG] ====================
[2026-05-15 15:10:21] [DEBUG] 2 filter plugins loaded
[2026-05-15 15:10:21] [DEBUG] 0 script plugins loaded
[2026-05-15 15:10:21] [DEBUG] 1 init plugins loaded
[2026-05-15 15:10:21] [DEBUG] 1 tick plugins loaded
[2026-05-15 15:10:21] [DEBUG] ====================
[2026-05-15 15:10:21] [DEBUG] 
[2026-05-15 15:10:21] [DEBUG] filesystem initialization complete
[2026-05-15 15:10:22] [DEBUG] 20115
[2026-05-15 15:10:22] [DEBUG] server starting
[2026-05-15 15:10:22] [DEBUG] server running on port 8080
[2026-05-15 15:10:22] [DEBUG] uploadFile
[2026-05-15 15:10:22] [DEBUG] name: myfile
[2026-05-15 15:10:22] [DEBUG] data: somedata
[2026-05-15 15:10:22] [DEBUG] checking formats
[2026-05-15 15:10:22] [DEBUG] Vaild file type
[2026-05-15 15:10:22] [DEBUG] SHA256: 1dfb94274815041cc59ac7f620449be897d296fb76c737c2ec3efd42745fb2eb
[2026-05-15 15:10:22] [DEBUG] Running filter plugin: imagefilter.lua
[2026-05-15 15:10:22] [DEBUG] Plugin modified entry: Act=uuuugggg, Meta=11111111111111111111111111111111
[2026-05-15 15:10:22] [DEBUG] Running filter plugin: testingfilter.lua
[2026-05-15 15:10:22] [DEBUG] Plugin modified entry: Act=uuuugggg, Meta=
[2026-05-15 15:10:34] [DEBUG] Loading plugins...
[2026-05-15 15:10:34] [DEBUG] Apluginsinit.lua
[2026-05-15 15:10:34] [DEBUG] imagefilter.lua
[2026-05-15 15:10:34] [DEBUG] testingfilter.lua
[2026-05-15 15:10:34] [DEBUG] tickMacro.lua
[2026-05-15 15:10:34] [DEBUG] 
[2026-05-15 15:10:34] [DEBUG] ====================
[2026-05-15 15:10:34] [DEBUG] 2 filter plugins loaded
[2026-05-15 15:10:34] [DEBUG] 0 script plugins loaded
[2026-05-15 15:10:34] [DEBUG] 1 init plugins loaded
[2026-05-15 15:10:34] [DEBUG] 1 tick plugins loaded
[2026-05-15 15:10:34] [DEBUG] ====================
[2026-05-15 15:10:34] [DEBUG] 
[2026-05-15 15:10:34] [DEBUG] filesystem initialization complete
[2026-05-15 15:10:35] [DEBUG] 20115
[2026-05-15 15:10:35] [DEBUG] server starting
[2026-05-15 15:10:35] [DEBUG] server running on port 8080
[2026-05-15 15:10:36] [DEBUG] uploadFile
[2026-05-15 15:10:36] [DEBUG] name: myfile
[2026-05-15 15:10:36] [DEBUG] data: somedata
[2026-05-15 15:10:36] [DEBUG] checking formats
[2026-05-15 15:10:36] [DEBUG] Vaild file type
[2026-05-15 15:10:36] [DEBUG] SHA256: 1dfb94274815041cc59ac7f620449be897d296fb76c737c2ec3efd42745fb2eb
[2026-05-15 15:10:36] [DEBUG] Running filter plugin: imagefilter.lua
[2026-05-15 15:10:36] [DEBUG] Plugin modified entry: Act=uuuugggg, Meta=11111111111111111111111111111111
[2026-05-15 15:10:36] [DEBUG] Running filter plugin: testingfilter.lua
[2026-05-15 15:10:36] [DEBUG] Plugin modified entry: Act=uuuugggg, Meta=Gabriel was here
