[2026-04-23 09:04:07] [DEBUG] attempting to load filters
[2026-04-23 09:04:07] [DEBUG] filter configuration loaded successfully
[2026-04-23 09:04:07] [DEBUG] filesystem initialization complete
[2026-04-23 09:04:08] [DEBUG] 20115
[2026-04-23 09:04:08] [DEBUG] server starting
[2026-04-23 09:04:08] [DEBUG] server running on port 8080
[2026-04-23 09:05:07] [DEBUG] Creating zip backup
[2026-04-23 09:05:07] [DEBUG] Zip written
[2026-04-23 09:08:14] [DEBUG] attempting to load filters
[2026-04-23 09:08:14] [DEBUG] filter configuration loaded successfully
[2026-04-23 09:08:14] [DEBUG] filesystem initialization complete
[2026-04-23 09:08:14] [DEBUG] Prometheus started
[2026-04-23 09:08:14] [DEBUG] 20115
[2026-04-23 09:08:14] [DEBUG] server starting
[2026-04-23 09:08:14] [DEBUG] server running on port 8080
[2026-04-23 13:08:20] [DEBUG] attempting to load filters
[2026-04-23 13:08:20] [DEBUG] filter configuration loaded successfully
[2026-04-23 13:08:20] [DEBUG] filesystem initialization complete
[2026-04-23 13:08:21] [DEBUG] 20115
[2026-04-23 13:08:21] [DEBUG] server starting
[2026-04-23 13:08:21] [DEBUG] server running on port 8080
[2026-04-23 13:08:21] [FATAL] listen tcp :8080: bind: address already in use
[2026-04-23 13:09:06] [DEBUG] attempting to load filters
[2026-04-23 13:09:06] [DEBUG] filter configuration loaded successfully
[2026-04-23 13:09:06] [DEBUG] filesystem initialization complete
[2026-04-23 13:09:06] [DEBUG] 20115
[2026-04-23 13:09:06] [DEBUG] server starting
[2026-04-23 13:09:23] [DEBUG] index
[2026-04-23 13:09:44] [DEBUG] attempting to load filters
[2026-04-23 13:09:44] [DEBUG] filter configuration loaded successfully
[2026-04-23 13:09:44] [DEBUG] filesystem initialization complete
[2026-04-23 13:09:45] [DEBUG] 20115
[2026-04-23 13:09:45] [DEBUG] server starting
[2026-04-23 13:15:30] [DEBUG] attempting to load filters
[2026-04-23 13:15:30] [DEBUG] filter configuration loaded successfully
[2026-04-23 13:15:30] [DEBUG] filesystem initialization complete
[2026-04-23 13:15:31] [DEBUG] 20115
[2026-04-23 13:15:31] [DEBUG] server starting
[2026-04-23 13:18:51] [DEBUG] attempting to load filters
[2026-04-23 13:18:51] [DEBUG] filter configuration loaded successfully
[2026-04-23 13:18:51] [DEBUG] filesystem initialization complete
[2026-04-23 13:18:52] [DEBUG] 20115
[2026-04-23 13:18:52] [DEBUG] server starting
[2026-04-23 13:19:15] [DEBUG] attempting to load filters
[2026-04-23 13:19:15] [DEBUG] filter configuration loaded successfully
[2026-04-23 13:19:15] [DEBUG] filesystem initialization complete
[2026-04-23 13:19:16] [DEBUG] 20115
[2026-04-23 13:19:16] [DEBUG] server starting
[2026-04-23 13:19:34] [DEBUG] index
[2026-04-23 13:19:55] [DEBUG] listFiles
[2026-04-23 13:19:55] [DEBUG] files found: 0
[2026-04-23 13:20:15] [DEBUG] Creating zip backup
[2026-04-23 13:20:15] [DEBUG] Zip written
[2026-04-23 13:21:15] [DEBUG] Creating zip backup
[2026-04-23 13:21:15] [DEBUG] Zip written
[2026-04-23 13:22:15] [DEBUG] Creating zip backup
[2026-04-23 13:22:15] [DEBUG] Zip written
[2026-04-23 13:23:15] [DEBUG] Creating zip backup
[2026-04-23 13:23:15] [DEBUG] Zip written
[2026-04-23 13:24:15] [DEBUG] Creating zip backup
[2026-04-23 13:24:15] [DEBUG] Zip written
[2026-04-23 13:25:15] [DEBUG] Creating zip backup
[2026-04-23 13:25:15] [DEBUG] Zip written
[2026-04-23 13:26:15] [DEBUG] Creating zip backup
[2026-04-23 13:26:15] [DEBUG] Zip written
[2026-04-23 13:27:15] [DEBUG] Creating zip backup
[2026-04-23 13:27:15] [DEBUG] Zip written
[2026-04-23 13:28:15] [DEBUG] Creating zip backup
[2026-04-23 13:28:15] [DEBUG] Zip written
[2026-04-23 13:29:15] [DEBUG] Creating zip backup
[2026-04-23 13:29:15] [DEBUG] Zip written
[2026-04-23 13:30:15] [DEBUG] Creating zip backup
[2026-04-23 13:30:15] [DEBUG] Zip written
[2026-04-23 13:31:15] [DEBUG] Creating zip backup
[2026-04-23 13:31:15] [DEBUG] Zip written
[2026-04-23 13:32:15] [DEBUG] Creating zip backup
[2026-04-23 13:32:15] [DEBUG] Zip written
[2026-04-23 13:33:15] [DEBUG] Creating zip backup
[2026-04-23 13:33:15] [DEBUG] Zip written
[2026-04-23 13:34:15] [DEBUG] Creating zip backup
[2026-04-23 13:34:15] [DEBUG] Zip written
[2026-04-23 13:35:15] [DEBUG] Creating zip backup
[2026-04-23 13:35:15] [DEBUG] Zip written
[2026-04-23 13:36:15] [DEBUG] Creating zip backup
[2026-04-23 13:36:15] [DEBUG] Zip written
[2026-04-23 13:37:15] [DEBUG] Creating zip backup
[2026-04-23 13:37:15] [DEBUG] Zip written
[2026-04-23 13:38:15] [DEBUG] Creating zip backup
[2026-04-23 13:38:15] [DEBUG] Zip written
[2026-04-23 13:39:15] [DEBUG] Creating zip backup
[2026-04-23 13:39:15] [DEBUG] Zip written
[2026-04-23 13:40:15] [DEBUG] Creating zip backup
[2026-04-23 13:40:15] [DEBUG] Zip written
[2026-04-23 13:41:15] [DEBUG] Creating zip backup
[2026-04-23 13:41:15] [DEBUG] Zip written
[2026-04-23 13:42:15] [DEBUG] Creating zip backup
[2026-04-23 13:42:15] [DEBUG] Zip written
[2026-04-23 13:43:15] [DEBUG] Creating zip backup
[2026-04-23 13:43:15] [DEBUG] Zip written
[2026-04-23 13:44:15] [DEBUG] Creating zip backup
[2026-04-23 13:44:15] [DEBUG] Zip written
[2026-04-23 13:45:15] [DEBUG] Creating zip backup
[2026-04-23 13:45:15] [DEBUG] Zip written
[2026-04-23 13:46:15] [DEBUG] Creating zip backup
[2026-04-23 13:46:15] [DEBUG] Zip written
[2026-04-23 13:47:15] [DEBUG] Creating zip backup
[2026-04-23 13:47:15] [DEBUG] Zip written
[2026-04-23 13:48:15] [DEBUG] Creating zip backup
[2026-04-23 13:48:15] [DEBUG] Zip written
[2026-04-23 13:49:15] [DEBUG] Creating zip backup
[2026-04-23 13:49:15] [DEBUG] Zip written
[2026-04-23 13:50:15] [DEBUG] Creating zip backup
[2026-04-23 13:50:15] [DEBUG] Zip written
[2026-04-23 13:51:15] [DEBUG] Creating zip backup
[2026-04-23 13:51:15] [DEBUG] Zip written
[2026-04-23 13:52:15] [DEBUG] Creating zip backup
[2026-04-23 13:52:15] [DEBUG] Zip written
[2026-04-23 13:53:15] [DEBUG] Creating zip backup
[2026-04-23 13:53:15] [DEBUG] Zip written
[2026-04-23 13:54:15] [DEBUG] Creating zip backup
[2026-04-23 13:54:15] [DEBUG] Zip written
[2026-04-23 13:55:15] [DEBUG] Creating zip backup
[2026-04-23 13:55:15] [DEBUG] Zip written
[2026-04-23 13:56:15] [DEBUG] Creating zip backup
[2026-04-23 13:56:15] [DEBUG] Zip written
[2026-04-23 13:57:15] [DEBUG] Creating zip backup
[2026-04-23 13:57:15] [DEBUG] Zip written
[2026-04-23 13:58:15] [DEBUG] Creating zip backup
[2026-04-23 13:58:15] [DEBUG] Zip written
[2026-04-23 14:11:11] [DEBUG] attempting to load filters
[2026-04-23 14:11:11] [DEBUG] filter configuration loaded successfully
[2026-04-23 14:11:11] [DEBUG] filesystem initialization complete
[2026-04-23 14:11:12] [DEBUG] 20115
[2026-04-23 14:11:12] [DEBUG] server starting
[2026-04-23 14:11:32] [DEBUG] uploadFile
[2026-04-23 14:11:32] [DEBUG] myfile
[2026-04-23 14:11:32] [DEBUG] somedata
[2026-04-23 14:11:32] [DEBUG] checking formats
[2026-04-23 14:11:32] [DEBUG] SHA256: 1dfb94274815041cc59ac7f620449be897d296fb76c737c2ec3efd42745fb2eb
[2026-04-23 14:11:32] [DEBUG] Attempting match with regex: .*\.txt$
[2026-04-23 14:11:32] [DEBUG] No match
[2026-04-23 14:11:32] [DEBUG] Attempting match with regex: .*\.(jpg|png|gif)$
[2026-04-23 14:11:32] [DEBUG] No match
[2026-04-23 14:11:32] [DEBUG] Attempting match with regex: .*\.(pdf)$
[2026-04-23 14:11:32] [DEBUG] Match on pattern: .*\.(pdf)$
[2026-04-23 14:11:32] [DEBUG] Action: move_to_directory
[2026-04-23 14:11:32] [DEBUG] Target dir: /pdf
[2026-04-23 14:11:32] [DEBUG] Placing file at ./store//pdf/1776967892_test.pdf
[2026-04-23 14:11:54] [DEBUG] uploadFile
[2026-04-23 14:11:54] [DEBUG] myfile
[2026-04-23 14:11:54] [DEBUG] somedata
[2026-04-23 14:11:54] [DEBUG] checking formats
[2026-04-23 14:11:54] [DEBUG] SHA256: 387fbf2c8a2fa85bab01343d34acd5b18bebe6d507cfd6af7fb00c18a3b18014
[2026-04-23 14:11:54] [DEBUG] Attempting match with regex: .*\.txt$
[2026-04-23 14:11:54] [DEBUG] No match
[2026-04-23 14:11:54] [DEBUG] Attempting match with regex: .*\.(jpg|png|gif)$
[2026-04-23 14:11:54] [DEBUG] Match on pattern: .*\.(jpg|png|gif)$
[2026-04-23 14:11:54] [DEBUG] Action: move_to_directory
[2026-04-23 14:11:54] [DEBUG] Target dir: /images
[2026-04-23 14:11:54] [DEBUG] Placing file at ./store//images/1776967914_lenna.jpg
[2026-04-23 14:12:12] [DEBUG] Creating zip backup
[2026-04-23 14:12:12] [DEBUG] Zip written
[2026-04-23 14:12:12] [DEBUG] Zip written
[2026-04-23 14:12:12] [DEBUG] Zip written
[2026-04-23 14:13:22] [DEBUG] attempting to load filters
[2026-04-23 14:13:22] [DEBUG] filter configuration loaded successfully
[2026-04-23 14:13:22] [DEBUG] filesystem initialization complete
[2026-04-23 14:13:23] [DEBUG] 20115
[2026-04-23 14:13:23] [DEBUG] server starting
[2026-04-23 14:13:52] [DEBUG] uploadFile
[2026-04-23 14:13:52] [DEBUG] myfile
[2026-04-23 14:13:52] [DEBUG] somedata
[2026-04-23 14:13:52] [DEBUG] checking formats
[2026-04-23 14:13:52] [DEBUG] SHA256: 387fbf2c8a2fa85bab01343d34acd5b18bebe6d507cfd6af7fb00c18a3b18014
[2026-04-23 14:13:52] [DEBUG] Attempting match with regex: .*\.txt$
[2026-04-23 14:13:52] [DEBUG] No match
[2026-04-23 14:13:52] [DEBUG] Attempting match with regex: .*\.(jpg|png|gif)$
[2026-04-23 14:13:52] [DEBUG] Match on pattern: .*\.(jpg|png|gif)$
[2026-04-23 14:13:52] [DEBUG] Action: move_to_directory
[2026-04-23 14:13:52] [DEBUG] Target dir: /images
[2026-04-23 14:13:52] [DEBUG] Placing file at ./store//images/1776968032_lenna.jpg
[2026-04-23 14:14:01] [DEBUG] uploadFile
[2026-04-23 14:14:01] [DEBUG] myfile
[2026-04-23 14:14:01] [DEBUG] somedata
[2026-04-23 14:14:01] [DEBUG] checking formats
[2026-04-23 14:14:01] [DEBUG] SHA256: 1dfb94274815041cc59ac7f620449be897d296fb76c737c2ec3efd42745fb2eb
[2026-04-23 14:14:01] [DEBUG] Attempting match with regex: .*\.txt$
[2026-04-23 14:14:01] [DEBUG] No match
[2026-04-23 14:14:01] [DEBUG] Attempting match with regex: .*\.(jpg|png|gif)$
[2026-04-23 14:14:01] [DEBUG] No match
[2026-04-23 14:14:01] [DEBUG] Attempting match with regex: .*\.(pdf)$
[2026-04-23 14:14:01] [DEBUG] Match on pattern: .*\.(pdf)$
[2026-04-23 14:14:01] [DEBUG] Action: move_to_directory
[2026-04-23 14:14:01] [DEBUG] Target dir: /pdf
[2026-04-23 14:14:01] [DEBUG] Placing file at ./store//pdf/1776968041_test.pdf
[2026-04-23 14:14:22] [DEBUG] Creating zip backup
[2026-04-23 14:14:22] [DEBUG] Zip written
[2026-04-23 14:14:22] [DEBUG] Zip written
[2026-04-23 14:14:22] [DEBUG] Zip written
[2026-04-23 14:14:22] [DEBUG] Zip written
[2026-04-23 14:14:22] [DEBUG] Zip written
[2026-04-23 14:14:27] [DEBUG] uploadFile
[2026-04-23 14:14:27] [DEBUG] myfile
[2026-04-23 14:14:27] [DEBUG] somedata
[2026-04-23 14:14:27] [DEBUG] checking formats
[2026-04-23 14:14:27] [WARN] invalid file type: 
[2026-04-23 14:21:14] [DEBUG] attempting to load filters
[2026-04-23 14:21:14] [DEBUG] filter configuration loaded successfully
[2026-04-23 14:21:14] [DEBUG] filesystem initialization complete
[2026-04-23 14:21:15] [DEBUG] 20115
[2026-04-23 14:21:15] [DEBUG] server starting
[2026-04-23 14:21:17] [DEBUG] index
[2026-04-23 14:21:26] [DEBUG] index
[2026-04-23 14:22:19] [DEBUG] attempting to load filters
[2026-04-23 14:22:19] [DEBUG] filter configuration loaded successfully
[2026-04-23 14:22:19] [DEBUG] filesystem initialization complete
[2026-04-23 14:22:20] [DEBUG] 20115
[2026-04-23 14:22:20] [DEBUG] server starting
[2026-04-23 14:24:02] [DEBUG] attempting to load filters
[2026-04-23 14:24:02] [DEBUG] filter configuration loaded successfully
[2026-04-23 14:24:02] [DEBUG] filesystem initialization complete
[2026-04-23 14:24:02] [DEBUG] 20115
[2026-04-23 14:24:02] [DEBUG] server starting
[2026-04-23 14:25:38] [DEBUG] attempting to load filters
[2026-04-23 14:25:38] [DEBUG] filter configuration loaded successfully
[2026-04-23 14:25:38] [DEBUG] filesystem initialization complete
[2026-04-23 14:25:38] [DEBUG] 20115
[2026-04-23 14:25:38] [DEBUG] server starting
[2026-04-23 14:26:03] [DEBUG] listFiles
[2026-04-23 14:26:03] [DEBUG] files found: 0
[2026-04-23 14:26:38] [DEBUG] Creating zip backup
[2026-04-23 14:26:38] [DEBUG] Zip written
[2026-04-23 14:26:38] [DEBUG] Zip written
[2026-04-23 14:26:38] [DEBUG] Zip written
[2026-04-23 14:26:38] [DEBUG] Zip written
[2026-04-23 14:26:38] [DEBUG] Zip written
[2026-04-23 14:27:38] [DEBUG] Creating zip backup
[2026-04-23 14:27:38] [DEBUG] Zip written
[2026-04-23 14:27:38] [DEBUG] Zip written
[2026-04-23 14:27:38] [DEBUG] Zip written
[2026-04-23 14:27:38] [DEBUG] Zip written
[2026-04-23 14:27:38] [DEBUG] Zip written
[2026-04-23 14:28:38] [DEBUG] Creating zip backup
[2026-04-23 14:28:38] [DEBUG] Zip written
[2026-04-23 14:28:38] [DEBUG] Zip written
[2026-04-23 14:28:38] [DEBUG] Zip written
[2026-04-23 14:28:38] [DEBUG] Zip written
[2026-04-23 14:28:38] [DEBUG] Zip written
[2026-04-23 14:29:38] [DEBUG] Creating zip backup
[2026-04-23 14:29:38] [DEBUG] Zip written
[2026-04-23 14:29:38] [DEBUG] Zip written
[2026-04-23 14:29:38] [DEBUG] Zip written
[2026-04-23 14:29:38] [DEBUG] Zip written
[2026-04-23 14:29:38] [DEBUG] Zip written
[2026-04-23 14:29:52] [DEBUG] getFile
[2026-04-23 14:29:52] [DEBUG] Checking cache
[2026-04-23 14:29:52] [DEBUG] No file found in cache, searching db
[2026-04-23 14:29:52] [DEBUG] Pulled this path from db store/images/1776967914_lenna.jpg
[2026-04-23 14:30:11] [DEBUG] getFile
[2026-04-23 14:30:11] [DEBUG] Checking cache
[2026-04-23 14:30:11] [DEBUG] No file found in cache, searching db
[2026-04-23 14:30:11] [DEBUG] Pulled this path from db store/images/1776967914_lenna.jpg
[2026-04-23 14:30:38] [DEBUG] Creating zip backup
[2026-04-23 14:30:38] [DEBUG] Zip written
[2026-04-23 14:30:38] [DEBUG] Zip written
[2026-04-23 14:30:38] [DEBUG] Zip written
[2026-04-23 14:30:38] [DEBUG] Zip written
[2026-04-23 14:30:38] [DEBUG] Zip written
[2026-04-23 14:31:06] [DEBUG] getFile
[2026-04-23 14:31:06] [DEBUG] Checking cache
[2026-04-23 14:31:06] [DEBUG] No file found in cache, searching db
[2026-04-23 14:31:06] [DEBUG] Pulled this path from db store/images/1776967914_lenna.jpg
[2026-04-23 14:32:20] [DEBUG] attempting to load filters
[2026-04-23 14:32:20] [DEBUG] filter configuration loaded successfully
[2026-04-23 14:32:20] [DEBUG] filesystem initialization complete
[2026-04-23 14:32:21] [DEBUG] 20115
[2026-04-23 14:32:21] [DEBUG] server starting
[2026-04-23 14:32:23] [DEBUG] getFile
[2026-04-23 14:32:23] [DEBUG] Checking cache
[2026-04-23 14:32:23] [DEBUG] No file found in cache, searching db
[2026-04-23 14:32:23] [DEBUG] Pulled this path from db store/images/1776967914_lenna.jpg
[2026-04-23 14:32:34] [DEBUG] getFile
[2026-04-23 14:32:34] [DEBUG] Checking cache
[2026-04-23 14:32:34] [DEBUG] No file found in cache, searching db
[2026-04-23 14:32:34] [DEBUG] Pulled this path from db store/images/1776967914_lenna.jpg
[2026-04-23 14:32:53] [DEBUG] getFile
[2026-04-23 14:32:53] [DEBUG] Checking cache
[2026-04-23 14:32:53] [DEBUG] No file found in cache, searching db
[2026-04-23 14:32:53] [DEBUG] Pulled this path from db store/images/1776967914_lenna.jpg
[2026-04-23 14:33:20] [DEBUG] Creating zip backup
[2026-04-23 14:33:20] [DEBUG] Zip written
[2026-04-23 14:33:20] [DEBUG] Zip written
[2026-04-23 14:33:20] [DEBUG] Zip written
[2026-04-23 14:33:20] [DEBUG] Zip written
[2026-04-23 14:33:20] [DEBUG] Zip written
[2026-04-23 14:34:20] [DEBUG] Creating zip backup
[2026-04-23 14:34:20] [DEBUG] Zip written
[2026-04-23 14:34:20] [DEBUG] Zip written
[2026-04-23 14:34:20] [DEBUG] Zip written
[2026-04-23 14:34:20] [DEBUG] Zip written
[2026-04-23 14:34:20] [DEBUG] Zip written
