[2026-05-28 17:31:37] [DEBUG] Loading plugins...
[2026-05-28 17:31:37] [DEBUG] Apluginsinit.lua
[2026-05-28 17:31:37] [DEBUG] imagefilter.lua
[2026-05-28 17:31:37] [DEBUG] testingfilter.lua
[2026-05-28 17:31:37] [DEBUG] tickMacro.lua
[2026-05-28 17:31:37] [DEBUG] 
[2026-05-28 17:31:37] [DEBUG] ====================
[2026-05-28 17:31:37] [DEBUG] 2 filter plugins loaded
[2026-05-28 17:31:37] [DEBUG] 0 script plugins loaded
[2026-05-28 17:31:37] [DEBUG] 1 init plugins loaded
[2026-05-28 17:31:37] [DEBUG] 1 tick plugins loaded
[2026-05-28 17:31:37] [DEBUG] ====================
[2026-05-28 17:31:37] [DEBUG] 
[2026-05-28 17:31:37] [DEBUG] filesystem initialization complete
[2026-05-28 17:31:37] [DEBUG] 20115
[2026-05-28 17:31:37] [DEBUG] server starting
[2026-05-28 17:31:37] [DEBUG] server running on port 8080
[2026-05-28 17:38:06] [DEBUG] index
[2026-05-28 17:38:06] [DEBUG] uploadFile
[2026-05-28 17:38:06] [DEBUG] ACTS_ID ACTS_001
[2026-05-28 17:38:06] [DEBUG] data: somedata
[2026-05-28 17:38:06] [DEBUG] checking formats
[2026-05-28 17:38:06] [DEBUG] Vaild file type
[2026-05-28 17:38:06] [DEBUG] SHA256: 7e497501a28bcf9a353ccadf6eb9216bf098ac32888fb542fb9bfe71d486761f
[2026-05-28 17:38:06] [DEBUG] Running filter plugin: testingfilter.lua
[2026-05-28 17:38:06] [DEBUG] Running filter plugin: imagefilter.lua
[2026-05-28 17:38:06] [DEBUG] uploadFile
[2026-05-28 17:38:06] [DEBUG] ACTS_ID ACTS_002
[2026-05-28 17:38:06] [DEBUG] data: somedata
[2026-05-28 17:38:06] [DEBUG] checking formats
[2026-05-28 17:38:06] [DEBUG] Vaild file type
[2026-05-28 17:38:06] [DEBUG] SHA256: 387fbf2c8a2fa85bab01343d34acd5b18bebe6d507cfd6af7fb00c18a3b18014
[2026-05-28 17:38:06] [DEBUG] Running filter plugin: imagefilter.lua
[2026-05-28 17:38:06] [DEBUG] Running filter plugin: testingfilter.lua
[2026-05-28 17:38:06] [DEBUG] uploadFile
[2026-05-28 17:38:06] [DEBUG] ACTS_ID ACTS_003
[2026-05-28 17:38:06] [DEBUG] data: somedata
[2026-05-28 17:38:06] [DEBUG] checking formats
[2026-05-28 17:38:06] [DEBUG] Vaild file type
[2026-05-28 17:38:06] [DEBUG] SHA256: 1dfb94274815041cc59ac7f620449be897d296fb76c737c2ec3efd42745fb2eb
[2026-05-28 17:38:06] [DEBUG] Running filter plugin: imagefilter.lua
[2026-05-28 17:38:06] [DEBUG] Running filter plugin: testingfilter.lua
[2026-05-28 17:38:06] [DEBUG] uploadFile
[2026-05-28 17:38:06] [DEBUG] ACTS_ID ACTS_004
[2026-05-28 17:38:06] [DEBUG] data: somedata
[2026-05-28 17:38:06] [DEBUG] checking formats
[2026-05-28 17:38:06] [DEBUG] Vaild file type
[2026-05-28 17:38:06] [DEBUG] SHA256: 27052339536a08543f16b5fa0deb4ce554a70b697b27ee0143302d7e6ec4fe2f
[2026-05-28 17:38:06] [DEBUG] Running filter plugin: imagefilter.lua
[2026-05-28 17:38:06] [DEBUG] Running filter plugin: testingfilter.lua
[2026-05-28 17:40:06] [DEBUG] Loading plugins...
[2026-05-28 17:40:06] [DEBUG] Apluginsinit.lua
[2026-05-28 17:40:06] [DEBUG] imagefilter.lua
[2026-05-28 17:40:06] [DEBUG] testingfilter.lua
[2026-05-28 17:40:06] [DEBUG] tickMacro.lua
[2026-05-28 17:40:06] [DEBUG] 
[2026-05-28 17:40:06] [DEBUG] ====================
[2026-05-28 17:40:06] [DEBUG] 2 filter plugins loaded
[2026-05-28 17:40:06] [DEBUG] 0 script plugins loaded
[2026-05-28 17:40:06] [DEBUG] 1 init plugins loaded
[2026-05-28 17:40:06] [DEBUG] 1 tick plugins loaded
[2026-05-28 17:40:06] [DEBUG] ====================
[2026-05-28 17:40:06] [DEBUG] 
[2026-05-28 17:40:06] [DEBUG] filesystem initialization complete
[2026-05-28 17:40:07] [DEBUG] 20115
[2026-05-28 17:40:07] [DEBUG] server starting
[2026-05-28 17:40:07] [DEBUG] server running on port 8080
[2026-05-28 17:40:11] [DEBUG] index
[2026-05-28 17:40:11] [DEBUG] uploadFile
[2026-05-28 17:40:11] [DEBUG] ACTS_ID ACTS_001
[2026-05-28 17:40:11] [DEBUG] data: somedata
[2026-05-28 17:40:11] [DEBUG] checking formats
[2026-05-28 17:40:11] [DEBUG] Vaild file type
[2026-05-28 17:40:11] [DEBUG] SHA256: 7e497501a28bcf9a353ccadf6eb9216bf098ac32888fb542fb9bfe71d486761f
[2026-05-28 17:40:11] [DEBUG] Running filter plugin: testingfilter.lua
[2026-05-28 17:40:11] [DEBUG] Running filter plugin: imagefilter.lua
[2026-05-28 17:40:11] [WARN] no such table: files
[2026-05-28 17:40:11] [DEBUG] uploadFile
[2026-05-28 17:40:11] [DEBUG] ACTS_ID ACTS_002
[2026-05-28 17:40:11] [DEBUG] data: somedata
[2026-05-28 17:40:11] [DEBUG] checking formats
[2026-05-28 17:40:11] [DEBUG] Vaild file type
[2026-05-28 17:40:11] [DEBUG] SHA256: 387fbf2c8a2fa85bab01343d34acd5b18bebe6d507cfd6af7fb00c18a3b18014
[2026-05-28 17:40:11] [DEBUG] Running filter plugin: imagefilter.lua
[2026-05-28 17:40:11] [DEBUG] Running filter plugin: testingfilter.lua
[2026-05-28 17:40:11] [WARN] no such table: files
[2026-05-28 17:40:11] [DEBUG] uploadFile
[2026-05-28 17:40:11] [DEBUG] ACTS_ID ACTS_003
[2026-05-28 17:40:11] [DEBUG] data: somedata
[2026-05-28 17:40:11] [DEBUG] checking formats
[2026-05-28 17:40:11] [DEBUG] Vaild file type
[2026-05-28 17:40:11] [DEBUG] SHA256: 1dfb94274815041cc59ac7f620449be897d296fb76c737c2ec3efd42745fb2eb
[2026-05-28 17:40:11] [DEBUG] Running filter plugin: testingfilter.lua
[2026-05-28 17:40:11] [DEBUG] Running filter plugin: imagefilter.lua
[2026-05-28 17:40:11] [WARN] no such table: files
[2026-05-28 17:40:11] [DEBUG] uploadFile
[2026-05-28 17:40:11] [DEBUG] ACTS_ID ACTS_004
[2026-05-28 17:40:11] [DEBUG] data: somedata
[2026-05-28 17:40:11] [DEBUG] checking formats
[2026-05-28 17:40:11] [DEBUG] Vaild file type
[2026-05-28 17:40:11] [DEBUG] SHA256: 27052339536a08543f16b5fa0deb4ce554a70b697b27ee0143302d7e6ec4fe2f
[2026-05-28 17:40:11] [DEBUG] Running filter plugin: imagefilter.lua
[2026-05-28 17:40:11] [DEBUG] Running filter plugin: testingfilter.lua
[2026-05-28 17:40:11] [WARN] no such table: files
[2026-05-28 17:41:56] [DEBUG] index
[2026-05-28 17:41:56] [DEBUG] uploadFile
[2026-05-28 17:41:56] [DEBUG] ACTS_ID ACTS_001
[2026-05-28 17:41:56] [DEBUG] data: somedata
[2026-05-28 17:41:56] [DEBUG] checking formats
[2026-05-28 17:41:56] [DEBUG] Vaild file type
[2026-05-28 17:41:56] [DEBUG] SHA256: 7e497501a28bcf9a353ccadf6eb9216bf098ac32888fb542fb9bfe71d486761f
[2026-05-28 17:41:56] [DEBUG] Running filter plugin: imagefilter.lua
[2026-05-28 17:41:56] [DEBUG] Running filter plugin: testingfilter.lua
[2026-05-28 17:41:56] [WARN] no such table: files
[2026-05-28 17:41:58] [DEBUG] uploadFile
[2026-05-28 17:41:58] [DEBUG] ACTS_ID ACTS_002
[2026-05-28 17:41:58] [DEBUG] data: somedata
[2026-05-28 17:41:58] [DEBUG] checking formats
[2026-05-28 17:41:58] [DEBUG] Vaild file type
[2026-05-28 17:41:58] [DEBUG] SHA256: 387fbf2c8a2fa85bab01343d34acd5b18bebe6d507cfd6af7fb00c18a3b18014
[2026-05-28 17:41:58] [DEBUG] Running filter plugin: testingfilter.lua
[2026-05-28 17:41:58] [DEBUG] Running filter plugin: imagefilter.lua
[2026-05-28 17:41:58] [WARN] no such table: files
[2026-05-28 17:42:00] [DEBUG] uploadFile
[2026-05-28 17:42:00] [DEBUG] ACTS_ID ACTS_003
[2026-05-28 17:42:00] [DEBUG] data: somedata
[2026-05-28 17:42:00] [DEBUG] checking formats
[2026-05-28 17:42:00] [DEBUG] Vaild file type
[2026-05-28 17:42:00] [DEBUG] SHA256: 1dfb94274815041cc59ac7f620449be897d296fb76c737c2ec3efd42745fb2eb
[2026-05-28 17:42:00] [DEBUG] Running filter plugin: testingfilter.lua
[2026-05-28 17:42:00] [DEBUG] Running filter plugin: imagefilter.lua
[2026-05-28 17:42:00] [WARN] no such table: files
[2026-05-28 17:42:02] [DEBUG] uploadFile
[2026-05-28 17:42:02] [DEBUG] ACTS_ID ACTS_004
[2026-05-28 17:42:02] [DEBUG] data: somedata
[2026-05-28 17:42:02] [DEBUG] checking formats
[2026-05-28 17:42:02] [DEBUG] Vaild file type
[2026-05-28 17:42:02] [DEBUG] SHA256: 27052339536a08543f16b5fa0deb4ce554a70b697b27ee0143302d7e6ec4fe2f
[2026-05-28 17:42:02] [DEBUG] Running filter plugin: imagefilter.lua
[2026-05-28 17:42:02] [DEBUG] Running filter plugin: testingfilter.lua
[2026-05-28 17:42:02] [WARN] no such table: files
[2026-05-28 17:42:04] [DEBUG] uploadFile
[2026-05-28 17:42:04] [DEBUG] ACTS_ID ACTS_005
[2026-05-28 17:42:04] [DEBUG] data: somedata
[2026-05-28 17:42:04] [DEBUG] checking formats
[2026-05-28 17:42:04] [WARN] invalid file type: 
[2026-05-28 17:42:47] [DEBUG] Loading plugins...
[2026-05-28 17:42:47] [DEBUG] Apluginsinit.lua
[2026-05-28 17:42:47] [DEBUG] imagefilter.lua
[2026-05-28 17:42:47] [DEBUG] testingfilter.lua
[2026-05-28 17:42:47] [DEBUG] tickMacro.lua
[2026-05-28 17:42:47] [DEBUG] 
[2026-05-28 17:42:47] [DEBUG] ====================
[2026-05-28 17:42:47] [DEBUG] 2 filter plugins loaded
[2026-05-28 17:42:47] [DEBUG] 0 script plugins loaded
[2026-05-28 17:42:47] [DEBUG] 1 init plugins loaded
[2026-05-28 17:42:47] [DEBUG] 1 tick plugins loaded
[2026-05-28 17:42:47] [DEBUG] ====================
[2026-05-28 17:42:47] [DEBUG] 
[2026-05-28 17:42:47] [DEBUG] filesystem initialization complete
[2026-05-28 17:42:48] [DEBUG] 20115
[2026-05-28 17:42:48] [DEBUG] server starting
[2026-05-28 17:42:48] [DEBUG] server running on port 8080
[2026-05-28 17:42:51] [DEBUG] index
[2026-05-28 17:42:51] [DEBUG] uploadFile
[2026-05-28 17:42:51] [DEBUG] ACTS_ID ACTS_001
[2026-05-28 17:42:51] [DEBUG] data: somedata
[2026-05-28 17:42:51] [DEBUG] checking formats
[2026-05-28 17:42:51] [DEBUG] Vaild file type
[2026-05-28 17:42:51] [DEBUG] SHA256: 7e497501a28bcf9a353ccadf6eb9216bf098ac32888fb542fb9bfe71d486761f
[2026-05-28 17:42:51] [DEBUG] Running filter plugin: imagefilter.lua
[2026-05-28 17:42:51] [DEBUG] Running filter plugin: testingfilter.lua
[2026-05-28 17:42:51] [WARN] no such table: files
[2026-05-28 17:42:53] [DEBUG] uploadFile
[2026-05-28 17:42:53] [DEBUG] ACTS_ID ACTS_002
[2026-05-28 17:42:53] [DEBUG] data: somedata
[2026-05-28 17:42:53] [DEBUG] checking formats
[2026-05-28 17:42:53] [DEBUG] Vaild file type
[2026-05-28 17:42:53] [DEBUG] SHA256: 387fbf2c8a2fa85bab01343d34acd5b18bebe6d507cfd6af7fb00c18a3b18014
[2026-05-28 17:42:53] [DEBUG] Running filter plugin: testingfilter.lua
[2026-05-28 17:42:53] [DEBUG] Running filter plugin: imagefilter.lua
[2026-05-28 17:42:53] [WARN] no such table: files
[2026-05-28 17:42:55] [DEBUG] uploadFile
[2026-05-28 17:42:55] [DEBUG] ACTS_ID ACTS_003
[2026-05-28 17:42:55] [DEBUG] data: somedata
[2026-05-28 17:42:55] [DEBUG] checking formats
[2026-05-28 17:42:55] [DEBUG] Vaild file type
[2026-05-28 17:42:55] [DEBUG] SHA256: 1dfb94274815041cc59ac7f620449be897d296fb76c737c2ec3efd42745fb2eb
[2026-05-28 17:42:55] [DEBUG] Running filter plugin: imagefilter.lua
[2026-05-28 17:42:55] [DEBUG] Running filter plugin: testingfilter.lua
[2026-05-28 17:42:55] [WARN] no such table: files
[2026-05-28 17:42:57] [DEBUG] uploadFile
[2026-05-28 17:42:57] [DEBUG] ACTS_ID ACTS_004
[2026-05-28 17:42:57] [DEBUG] data: somedata
[2026-05-28 17:42:57] [DEBUG] checking formats
[2026-05-28 17:42:57] [DEBUG] Vaild file type
[2026-05-28 17:42:57] [DEBUG] SHA256: 27052339536a08543f16b5fa0deb4ce554a70b697b27ee0143302d7e6ec4fe2f
[2026-05-28 17:42:57] [DEBUG] Running filter plugin: imagefilter.lua
[2026-05-28 17:42:57] [DEBUG] Running filter plugin: testingfilter.lua
[2026-05-28 17:42:57] [WARN] no such table: files
[2026-05-28 17:42:59] [DEBUG] uploadFile
[2026-05-28 17:42:59] [DEBUG] ACTS_ID ACTS_005
[2026-05-28 17:42:59] [DEBUG] data: somedata
[2026-05-28 17:42:59] [DEBUG] checking formats
[2026-05-28 17:42:59] [WARN] invalid file type: 
[2026-05-28 17:49:36] [DEBUG] Loading plugins...
[2026-05-28 17:49:36] [DEBUG] Apluginsinit.lua
[2026-05-28 17:49:36] [DEBUG] imagefilter.lua
[2026-05-28 17:49:36] [DEBUG] testingfilter.lua
[2026-05-28 17:49:36] [DEBUG] tickMacro.lua
[2026-05-28 17:49:36] [DEBUG] 
[2026-05-28 17:49:36] [DEBUG] ====================
[2026-05-28 17:49:36] [DEBUG] 2 filter plugins loaded
[2026-05-28 17:49:36] [DEBUG] 0 script plugins loaded
[2026-05-28 17:49:36] [DEBUG] 1 init plugins loaded
[2026-05-28 17:49:36] [DEBUG] 1 tick plugins loaded
[2026-05-28 17:49:36] [DEBUG] ====================
[2026-05-28 17:49:36] [DEBUG] 
[2026-05-28 17:49:36] [DEBUG] filesystem initialization complete
[2026-05-28 17:49:36] [DEBUG] 20115
[2026-05-28 17:49:36] [DEBUG] server starting
[2026-05-28 17:49:36] [DEBUG] server running on port 8080
[2026-05-28 17:49:38] [DEBUG] index
[2026-05-28 17:49:38] [DEBUG] uploadFile
[2026-05-28 17:49:38] [DEBUG] ACTS_ID ACTS_001
[2026-05-28 17:49:38] [DEBUG] data: somedata
[2026-05-28 17:49:38] [DEBUG] checking formats
[2026-05-28 17:49:38] [DEBUG] Vaild file type
[2026-05-28 17:49:38] [DEBUG] SHA256: 7e497501a28bcf9a353ccadf6eb9216bf098ac32888fb542fb9bfe71d486761f
[2026-05-28 17:49:38] [DEBUG] Running filter plugin: imagefilter.lua
[2026-05-28 17:49:38] [DEBUG] Running filter plugin: testingfilter.lua
[2026-05-28 17:49:38] [WARN] no such table: files
[2026-05-28 17:49:41] [DEBUG] uploadFile
[2026-05-28 17:49:41] [DEBUG] ACTS_ID ACTS_002
[2026-05-28 17:49:41] [DEBUG] data: somedata
[2026-05-28 17:49:41] [DEBUG] checking formats
[2026-05-28 17:49:41] [DEBUG] Vaild file type
[2026-05-28 17:49:41] [DEBUG] SHA256: 387fbf2c8a2fa85bab01343d34acd5b18bebe6d507cfd6af7fb00c18a3b18014
[2026-05-28 17:49:41] [DEBUG] Running filter plugin: imagefilter.lua
[2026-05-28 17:49:41] [DEBUG] Running filter plugin: testingfilter.lua
[2026-05-28 17:49:41] [WARN] no such table: files
[2026-05-28 17:49:43] [DEBUG] uploadFile
[2026-05-28 17:49:43] [DEBUG] ACTS_ID ACTS_003
[2026-05-28 17:49:43] [DEBUG] data: somedata
[2026-05-28 17:49:43] [DEBUG] checking formats
[2026-05-28 17:49:43] [DEBUG] Vaild file type
[2026-05-28 17:49:43] [DEBUG] SHA256: 1dfb94274815041cc59ac7f620449be897d296fb76c737c2ec3efd42745fb2eb
[2026-05-28 17:49:43] [DEBUG] Running filter plugin: imagefilter.lua
[2026-05-28 17:49:43] [DEBUG] Running filter plugin: testingfilter.lua
[2026-05-28 17:49:43] [WARN] no such table: files
[2026-05-28 17:49:45] [DEBUG] uploadFile
[2026-05-28 17:49:45] [DEBUG] ACTS_ID ACTS_004
[2026-05-28 17:49:45] [DEBUG] data: somedata
[2026-05-28 17:49:45] [DEBUG] checking formats
[2026-05-28 17:49:45] [DEBUG] Vaild file type
[2026-05-28 17:49:45] [DEBUG] SHA256: 27052339536a08543f16b5fa0deb4ce554a70b697b27ee0143302d7e6ec4fe2f
[2026-05-28 17:49:45] [DEBUG] Running filter plugin: imagefilter.lua
[2026-05-28 17:49:45] [DEBUG] Running filter plugin: testingfilter.lua
[2026-05-28 17:49:45] [WARN] no such table: files
[2026-05-28 17:49:47] [DEBUG] uploadFile
[2026-05-28 17:49:47] [DEBUG] ACTS_ID ACTS_005
[2026-05-28 17:49:47] [DEBUG] data: somedata
[2026-05-28 17:49:47] [DEBUG] checking formats
[2026-05-28 17:49:47] [WARN] invalid file type: 
