[2026-04-21 10:21:37] [DEBUG] attempting to load filters
[2026-04-21 10:21:37] [DEBUG] filter configuration loaded successfully
[2026-04-21 10:21:37] [DEBUG] filesystem initialization complete
[2026-04-21 10:21:37] [DEBUG] server starting
[2026-04-21 10:21:37] [DEBUG] server running on port 8080
[2026-04-21 10:23:07] [DEBUG] attempting to load filters
[2026-04-21 10:23:07] [DEBUG] filter configuration loaded successfully
[2026-04-21 10:23:07] [DEBUG] filesystem initialization complete
[2026-04-21 10:23:07] [DEBUG] server starting
[2026-04-21 10:23:07] [DEBUG] server running on port 8080
[2026-04-21 10:30:28] [DEBUG] attempting to load filters
[2026-04-21 10:30:28] [DEBUG] filter configuration loaded successfully
[2026-04-21 10:30:28] [DEBUG] filesystem initialization complete
[2026-04-21 10:30:28] [DEBUG] server starting
[2026-04-21 10:30:28] [DEBUG] server running on port 8080
[2026-04-21 10:34:23] [DEBUG] attempting to load filters
[2026-04-21 10:34:23] [DEBUG] filter configuration loaded successfully
[2026-04-21 10:34:23] [DEBUG] filesystem initialization complete
[2026-04-21 10:34:23] [DEBUG] server starting
[2026-04-21 10:34:23] [DEBUG] server running on port 8080
[2026-04-21 10:35:20] [DEBUG] getFile
[2026-04-21 10:39:34] [DEBUG] attempting to load filters
[2026-04-21 10:39:34] [DEBUG] filter configuration loaded successfully
[2026-04-21 10:39:34] [DEBUG] filesystem initialization complete
[2026-04-21 10:39:34] [DEBUG] server starting
[2026-04-21 10:39:34] [DEBUG] server running on port 8080
[2026-04-21 10:39:37] [DEBUG] getFile
[2026-04-21 10:39:37] [FATAL] During file reterival os.ReadDir() encoutered open 1776274297_bee_moive_script.txt: no such file or directory
[2026-04-21 10:40:44] [DEBUG] attempting to load filters
[2026-04-21 10:40:44] [DEBUG] filter configuration loaded successfully
[2026-04-21 10:40:44] [DEBUG] filesystem initialization complete
[2026-04-21 10:40:44] [DEBUG] server starting
[2026-04-21 10:40:44] [DEBUG] server running on port 8080
[2026-04-21 10:40:45] [DEBUG] getFile
[2026-04-21 10:42:29] [DEBUG] getFile
[2026-04-21 10:43:03] [DEBUG] attempting to load filters
[2026-04-21 10:43:03] [DEBUG] filter configuration loaded successfully
[2026-04-21 10:43:03] [DEBUG] filesystem initialization complete
[2026-04-21 10:43:03] [DEBUG] server starting
[2026-04-21 10:43:03] [DEBUG] server running on port 8080
[2026-04-21 10:43:06] [DEBUG] getFile
[2026-04-21 10:43:06] [DEBUG] 1776440766_lenna.jpg
[2026-04-21 10:43:06] [DEBUG] 1776440857_lenna.jpg
[2026-04-21 10:43:06] [DEBUG] 1776440862_lenna.jpg
[2026-04-21 10:43:06] [DEBUG] 1776441256_lenna.jpg
[2026-04-21 10:43:06] [DEBUG] 1776441290_lenna.jpg
[2026-04-21 10:43:06] [DEBUG] 1776441330_lenna.jpg
[2026-04-21 10:43:06] [DEBUG] 1776441382_lenna.jpg
[2026-04-21 10:43:06] [DEBUG] 1776442385_lenna.jpg
[2026-04-21 10:43:06] [DEBUG] 1776442387_lenna.jpg
[2026-04-21 10:43:06] [DEBUG] 1776442388_lenna.jpg
[2026-04-21 10:43:06] [DEBUG] 1776442425_lenna.jpg
[2026-04-21 10:43:06] [DEBUG] 1776442426_lenna.jpg
[2026-04-21 10:43:06] [DEBUG] 1776442428_lenna.jpg
[2026-04-21 10:43:06] [DEBUG] 1776442429_lenna.jpg
[2026-04-21 10:43:06] [DEBUG] 1776443639_lenna.jpg
[2026-04-21 10:43:06] [DEBUG] 1776443640_lenna.jpg
[2026-04-21 10:43:06] [DEBUG] 1776443641_lenna.jpg
[2026-04-21 10:43:06] [DEBUG] 1776443664_lenna.jpg
[2026-04-21 10:43:06] [DEBUG] 1776443665_lenna.jpg
[2026-04-21 10:43:06] [DEBUG] 1776443666_lenna.jpg
[2026-04-21 10:43:34] [DEBUG] getFile
[2026-04-21 10:43:34] [DEBUG] 1776440766_lenna.jpg
[2026-04-21 10:43:34] [DEBUG] 1776440857_lenna.jpg
[2026-04-21 10:43:34] [DEBUG] 1776440862_lenna.jpg
[2026-04-21 10:43:34] [DEBUG] 1776441256_lenna.jpg
[2026-04-21 10:43:34] [DEBUG] 1776441290_lenna.jpg
[2026-04-21 10:43:34] [DEBUG] 1776441330_lenna.jpg
[2026-04-21 10:43:34] [DEBUG] 1776441382_lenna.jpg
[2026-04-21 10:43:34] [DEBUG] 1776442385_lenna.jpg
[2026-04-21 10:43:34] [DEBUG] 1776442387_lenna.jpg
[2026-04-21 10:43:34] [DEBUG] 1776442388_lenna.jpg
[2026-04-21 10:43:34] [DEBUG] 1776442425_lenna.jpg
[2026-04-21 10:43:34] [DEBUG] 1776442426_lenna.jpg
[2026-04-21 10:43:34] [DEBUG] 1776442428_lenna.jpg
[2026-04-21 10:43:34] [DEBUG] 1776442429_lenna.jpg
[2026-04-21 10:43:34] [DEBUG] 1776443639_lenna.jpg
[2026-04-21 10:43:34] [DEBUG] 1776443640_lenna.jpg
[2026-04-21 10:43:34] [DEBUG] 1776443641_lenna.jpg
[2026-04-21 10:43:34] [DEBUG] 1776443664_lenna.jpg
[2026-04-21 10:43:34] [DEBUG] 1776443665_lenna.jpg
[2026-04-21 10:43:34] [DEBUG] 1776443666_lenna.jpg
[2026-04-21 10:43:49] [DEBUG] getFile
[2026-04-21 10:43:49] [DEBUG] 1776440766_lenna.jpg
[2026-04-21 10:43:49] [DEBUG] 1776440857_lenna.jpg
[2026-04-21 10:43:49] [DEBUG] 1776440862_lenna.jpg
[2026-04-21 10:43:49] [DEBUG] 1776441256_lenna.jpg
[2026-04-21 10:43:49] [DEBUG] 1776441290_lenna.jpg
[2026-04-21 10:43:49] [DEBUG] 1776441330_lenna.jpg
[2026-04-21 10:43:49] [DEBUG] 1776441382_lenna.jpg
[2026-04-21 10:43:49] [DEBUG] 1776442385_lenna.jpg
[2026-04-21 10:43:49] [DEBUG] 1776442387_lenna.jpg
[2026-04-21 10:43:49] [DEBUG] 1776442388_lenna.jpg
[2026-04-21 10:43:49] [DEBUG] 1776442425_lenna.jpg
[2026-04-21 10:43:49] [DEBUG] 1776442426_lenna.jpg
[2026-04-21 10:43:49] [DEBUG] 1776442428_lenna.jpg
[2026-04-21 10:43:49] [DEBUG] 1776442429_lenna.jpg
[2026-04-21 10:43:49] [DEBUG] 1776443639_lenna.jpg
[2026-04-21 10:43:49] [DEBUG] 1776443640_lenna.jpg
[2026-04-21 10:43:49] [DEBUG] 1776443641_lenna.jpg
[2026-04-21 10:43:49] [DEBUG] 1776443664_lenna.jpg
[2026-04-21 10:43:49] [DEBUG] 1776443665_lenna.jpg
[2026-04-21 10:43:49] [DEBUG] 1776443666_lenna.jpg
[2026-04-21 10:44:23] [DEBUG] getFile
[2026-04-21 10:44:23] [DEBUG] 1776440766_lenna.jpg
[2026-04-21 10:44:23] [DEBUG] 1776440857_lenna.jpg
[2026-04-21 10:44:23] [DEBUG] 1776440862_lenna.jpg
[2026-04-21 10:44:23] [DEBUG] 1776441256_lenna.jpg
[2026-04-21 10:44:23] [DEBUG] 1776441290_lenna.jpg
[2026-04-21 10:44:23] [DEBUG] 1776441330_lenna.jpg
[2026-04-21 10:44:23] [DEBUG] 1776441382_lenna.jpg
[2026-04-21 10:44:23] [DEBUG] 1776442385_lenna.jpg
[2026-04-21 10:44:23] [DEBUG] 1776442387_lenna.jpg
[2026-04-21 10:44:23] [DEBUG] 1776442388_lenna.jpg
[2026-04-21 10:44:23] [DEBUG] 1776442425_lenna.jpg
[2026-04-21 10:44:23] [DEBUG] 1776442426_lenna.jpg
[2026-04-21 10:44:23] [DEBUG] 1776442428_lenna.jpg
[2026-04-21 10:44:23] [DEBUG] 1776442429_lenna.jpg
[2026-04-21 10:44:23] [DEBUG] 1776443639_lenna.jpg
[2026-04-21 10:44:23] [DEBUG] 1776443640_lenna.jpg
[2026-04-21 10:44:23] [DEBUG] 1776443641_lenna.jpg
[2026-04-21 10:44:23] [DEBUG] 1776443664_lenna.jpg
[2026-04-21 10:44:23] [DEBUG] 1776443665_lenna.jpg
[2026-04-21 10:44:23] [DEBUG] 1776443666_lenna.jpg
[2026-04-21 10:46:45] [DEBUG] attempting to load filters
[2026-04-21 10:46:45] [DEBUG] filter configuration loaded successfully
[2026-04-21 10:46:45] [DEBUG] filesystem initialization complete
[2026-04-21 10:46:45] [DEBUG] server starting
[2026-04-21 10:46:45] [DEBUG] server running on port 8080
[2026-04-21 10:47:26] [DEBUG] attempting to load filters
[2026-04-21 10:47:26] [DEBUG] filter configuration loaded successfully
[2026-04-21 10:47:26] [DEBUG] filesystem initialization complete
[2026-04-21 10:47:26] [DEBUG] server starting
[2026-04-21 10:47:26] [DEBUG] server running on port 8080
[2026-04-21 10:48:18] [DEBUG] getFile
[2026-04-21 10:48:49] [DEBUG] attempting to load filters
[2026-04-21 10:48:49] [DEBUG] filter configuration loaded successfully
[2026-04-21 10:48:49] [DEBUG] filesystem initialization complete
[2026-04-21 10:48:49] [DEBUG] server starting
[2026-04-21 10:48:49] [DEBUG] server running on port 8080
[2026-04-21 10:48:51] [DEBUG] getFile
[2026-04-21 10:48:51] [DEBUG] 1776440766_lenna.jpg
[2026-04-21 10:48:51] [DEBUG] 1776440857_lenna.jpg
[2026-04-21 10:48:51] [DEBUG] 1776440862_lenna.jpg
[2026-04-21 10:48:51] [DEBUG] 1776441256_lenna.jpg
[2026-04-21 10:48:51] [DEBUG] 1776441290_lenna.jpg
[2026-04-21 10:48:51] [DEBUG] 1776441330_lenna.jpg
[2026-04-21 10:48:51] [DEBUG] 1776441382_lenna.jpg
[2026-04-21 10:48:51] [DEBUG] 1776442385_lenna.jpg
[2026-04-21 10:48:51] [DEBUG] 1776442387_lenna.jpg
[2026-04-21 10:48:51] [DEBUG] 1776442388_lenna.jpg
[2026-04-21 10:48:51] [DEBUG] 1776442425_lenna.jpg
[2026-04-21 10:48:51] [DEBUG] 1776442426_lenna.jpg
[2026-04-21 10:48:51] [DEBUG] 1776442428_lenna.jpg
[2026-04-21 10:48:51] [DEBUG] 1776442429_lenna.jpg
[2026-04-21 10:48:51] [DEBUG] 1776443639_lenna.jpg
[2026-04-21 10:48:51] [DEBUG] 1776443640_lenna.jpg
[2026-04-21 10:48:51] [DEBUG] 1776443641_lenna.jpg
[2026-04-21 10:48:51] [DEBUG] 1776443664_lenna.jpg
[2026-04-21 10:48:51] [DEBUG] 1776443665_lenna.jpg
[2026-04-21 10:48:51] [DEBUG] 1776443666_lenna.jpg
[2026-04-21 10:48:59] [DEBUG] getFile
[2026-04-21 10:49:02] [DEBUG] getFile
[2026-04-21 10:49:02] [DEBUG] 1776440766_lenna.jpg
[2026-04-21 10:49:02] [DEBUG] 1776440857_lenna.jpg
[2026-04-21 10:49:02] [DEBUG] 1776440862_lenna.jpg
[2026-04-21 10:49:02] [DEBUG] 1776441256_lenna.jpg
[2026-04-21 10:49:02] [DEBUG] 1776441290_lenna.jpg
[2026-04-21 10:49:02] [DEBUG] 1776441330_lenna.jpg
[2026-04-21 10:49:02] [DEBUG] 1776441382_lenna.jpg
[2026-04-21 10:49:02] [DEBUG] 1776442385_lenna.jpg
[2026-04-21 10:49:02] [DEBUG] 1776442387_lenna.jpg
[2026-04-21 10:49:02] [DEBUG] 1776442388_lenna.jpg
[2026-04-21 10:49:02] [DEBUG] 1776442425_lenna.jpg
[2026-04-21 10:49:02] [DEBUG] 1776442426_lenna.jpg
[2026-04-21 10:49:02] [DEBUG] 1776442428_lenna.jpg
[2026-04-21 10:49:02] [DEBUG] 1776442429_lenna.jpg
[2026-04-21 10:49:02] [DEBUG] 1776443639_lenna.jpg
[2026-04-21 10:49:02] [DEBUG] 1776443640_lenna.jpg
[2026-04-21 10:49:02] [DEBUG] 1776443641_lenna.jpg
[2026-04-21 10:49:02] [DEBUG] 1776443664_lenna.jpg
[2026-04-21 10:49:02] [DEBUG] 1776443665_lenna.jpg
[2026-04-21 10:49:02] [DEBUG] 1776443666_lenna.jpg
[2026-04-21 10:50:27] [DEBUG] attempting to load filters
[2026-04-21 10:50:27] [DEBUG] filter configuration loaded successfully
[2026-04-21 10:50:27] [DEBUG] filesystem initialization complete
[2026-04-21 10:50:27] [DEBUG] server starting
[2026-04-21 10:50:27] [DEBUG] server running on port 8080
[2026-04-21 10:50:30] [DEBUG] getFile
[2026-04-21 10:50:30] [DEBUG] Would sql search and pull meta
[2026-04-21 10:50:35] [DEBUG] getFile
[2026-04-21 10:50:35] [DEBUG] Unknown meta flag
[2026-04-21 10:50:39] [DEBUG] getFile
[2026-04-21 10:50:39] [DEBUG] 1776440766_lenna.jpg
[2026-04-21 10:50:39] [DEBUG] 1776440857_lenna.jpg
[2026-04-21 10:50:39] [DEBUG] 1776440862_lenna.jpg
[2026-04-21 10:50:39] [DEBUG] 1776441256_lenna.jpg
[2026-04-21 10:50:39] [DEBUG] 1776441290_lenna.jpg
[2026-04-21 10:50:39] [DEBUG] 1776441330_lenna.jpg
[2026-04-21 10:50:39] [DEBUG] 1776441382_lenna.jpg
[2026-04-21 10:50:39] [DEBUG] 1776442385_lenna.jpg
[2026-04-21 10:50:39] [DEBUG] 1776442387_lenna.jpg
[2026-04-21 10:50:39] [DEBUG] 1776442388_lenna.jpg
[2026-04-21 10:50:39] [DEBUG] 1776442425_lenna.jpg
[2026-04-21 10:50:39] [DEBUG] 1776442426_lenna.jpg
[2026-04-21 10:50:39] [DEBUG] 1776442428_lenna.jpg
[2026-04-21 10:50:39] [DEBUG] 1776442429_lenna.jpg
[2026-04-21 10:50:39] [DEBUG] 1776443639_lenna.jpg
[2026-04-21 10:50:39] [DEBUG] 1776443640_lenna.jpg
[2026-04-21 10:50:39] [DEBUG] 1776443641_lenna.jpg
[2026-04-21 10:50:39] [DEBUG] 1776443664_lenna.jpg
[2026-04-21 10:50:39] [DEBUG] 1776443665_lenna.jpg
[2026-04-21 10:50:39] [DEBUG] 1776443666_lenna.jpg
[2026-04-21 10:51:39] [DEBUG] attempting to load filters
[2026-04-21 10:51:39] [DEBUG] filter configuration loaded successfully
[2026-04-21 10:51:39] [DEBUG] filesystem initialization complete
[2026-04-21 10:51:39] [DEBUG] server starting
[2026-04-21 10:51:39] [DEBUG] server running on port 8080
[2026-04-21 10:51:40] [DEBUG] getFile
[2026-04-21 10:51:40] [DEBUG] Found it
[2026-04-21 10:54:27] [DEBUG] attempting to load filters
[2026-04-21 10:54:27] [DEBUG] filter configuration loaded successfully
[2026-04-21 10:54:27] [DEBUG] filesystem initialization complete
[2026-04-21 10:54:27] [DEBUG] server starting
[2026-04-21 10:54:27] [DEBUG] server running on port 8080
[2026-04-21 10:55:14] [DEBUG] getFile
[2026-04-21 10:55:33] [DEBUG] attempting to load filters
[2026-04-21 10:55:33] [DEBUG] filter configuration loaded successfully
[2026-04-21 10:55:33] [DEBUG] filesystem initialization complete
[2026-04-21 10:55:33] [DEBUG] server starting
[2026-04-21 10:55:33] [DEBUG] server running on port 8080
[2026-04-21 10:55:34] [DEBUG] getFile
[2026-04-21 10:57:48] [DEBUG] getFile
[2026-04-21 11:11:09] [DEBUG] attempting to load filters
[2026-04-21 11:11:09] [DEBUG] filter configuration loaded successfully
[2026-04-21 11:11:09] [DEBUG] filesystem initialization complete
[2026-04-21 11:11:09] [DEBUG] server starting
[2026-04-21 11:11:09] [DEBUG] server running on port 8080
[2026-04-21 11:11:14] [DEBUG] getFile
[2026-04-21 11:13:14] [DEBUG] attempting to load filters
[2026-04-21 11:13:14] [DEBUG] filter configuration loaded successfully
[2026-04-21 11:13:14] [DEBUG] filesystem initialization complete
[2026-04-21 11:13:14] [DEBUG] server starting
[2026-04-21 11:13:14] [DEBUG] server running on port 8080
[2026-04-21 11:13:23] [DEBUG] getFile
[2026-04-21 11:13:23] [DEBUG] No file found
[2026-04-21 11:14:45] [DEBUG] attempting to load filters
[2026-04-21 11:14:45] [DEBUG] filter configuration loaded successfully
[2026-04-21 11:14:45] [DEBUG] filesystem initialization complete
[2026-04-21 11:14:45] [DEBUG] server starting
[2026-04-21 11:14:45] [DEBUG] server running on port 8080
[2026-04-21 11:14:46] [DEBUG] getFile
[2026-04-21 11:14:46] [DEBUG] No file found, searching db
[2026-04-21 11:14:46] [FATAL] sql: expected 8 destination arguments in Scan, not 2
[2026-04-21 11:14:50] [DEBUG] attempting to load filters
[2026-04-21 11:14:50] [DEBUG] filter configuration loaded successfully
[2026-04-21 11:14:50] [DEBUG] filesystem initialization complete
[2026-04-21 11:14:50] [DEBUG] server starting
[2026-04-21 11:14:50] [DEBUG] server running on port 8080
[2026-04-21 11:14:52] [DEBUG] getFile
[2026-04-21 11:14:52] [DEBUG] No file found, searching db
[2026-04-21 11:14:52] [FATAL] sql: expected 8 destination arguments in Scan, not 2
[2026-04-21 11:18:37] [DEBUG] attempting to load filters
[2026-04-21 11:18:37] [DEBUG] filter configuration loaded successfully
[2026-04-21 11:18:37] [DEBUG] filesystem initialization complete
[2026-04-21 11:18:37] [DEBUG] server starting
[2026-04-21 11:18:37] [DEBUG] server running on port 8080
[2026-04-21 11:18:39] [DEBUG] getFile
[2026-04-21 11:18:39] [DEBUG] No file found, searching db
[2026-04-21 11:27:35] [DEBUG] attempting to load filters
[2026-04-21 11:27:35] [DEBUG] filter configuration loaded successfully
[2026-04-21 11:27:35] [DEBUG] filesystem initialization complete
[2026-04-21 11:27:35] [DEBUG] server starting
[2026-04-21 11:27:35] [DEBUG] server running on port 8080
[2026-04-21 11:27:37] [DEBUG] getFile
[2026-04-21 11:27:37] [DEBUG] No file found, searching db
[2026-04-21 11:29:43] [DEBUG] attempting to load filters
[2026-04-21 11:29:43] [DEBUG] filter configuration loaded successfully
[2026-04-21 11:29:43] [DEBUG] filesystem initialization complete
[2026-04-21 11:29:43] [DEBUG] server starting
[2026-04-21 11:29:43] [DEBUG] server running on port 8080
[2026-04-21 11:29:45] [DEBUG] getFile
[2026-04-21 11:29:45] [DEBUG] No file found, searching db
[2026-04-21 11:30:07] [DEBUG] getFile
[2026-04-21 13:07:50] [DEBUG] attempting to load filters
[2026-04-21 13:07:50] [DEBUG] filter configuration loaded successfully
[2026-04-21 13:07:50] [DEBUG] filesystem initialization complete
[2026-04-21 13:07:50] [DEBUG] server starting
[2026-04-21 13:07:50] [DEBUG] server running on port 8080
[2026-04-21 13:07:52] [DEBUG] getFile
[2026-04-21 13:10:09] [DEBUG] getFile
[2026-04-21 13:10:09] [DEBUG] No file found, searching db
[2026-04-21 13:12:53] [DEBUG] attempting to load filters
[2026-04-21 13:12:53] [DEBUG] filter configuration loaded successfully
[2026-04-21 13:12:53] [DEBUG] filesystem initialization complete
[2026-04-21 13:12:53] [DEBUG] server starting
[2026-04-21 13:12:53] [DEBUG] server running on port 8080
[2026-04-21 13:14:07] [DEBUG] uploadFile
[2026-04-21 13:14:07] [DEBUG] myfile
[2026-04-21 13:14:07] [DEBUG] somedata
[2026-04-21 13:14:07] [DEBUG] checking formats
[2026-04-21 13:14:07] [DEBUG] SHA256: 27052339536a08543f16b5fa0deb4ce554a70b697b27ee0143302d7e6ec4fe2f
[2026-04-21 13:14:07] [DEBUG] Attempting match with regex: .*\.txt$
[2026-04-21 13:14:07] [DEBUG] Match on pattern: .*\.txt$
[2026-04-21 13:14:07] [DEBUG] Action: move_to_directory
[2026-04-21 13:14:07] [DEBUG] Target dir: /text_files
[2026-04-21 13:14:07] [DEBUG] Placing file at ./store//text_files/1776791647_bee_moive_script.txt
[2026-04-21 13:16:44] [DEBUG] getFile
[2026-04-21 13:16:44] [FATAL] During file reterival os.ReadDir() encoutered open ./cache: no such file or directory
[2026-04-21 13:17:14] [DEBUG] attempting to load filters
[2026-04-21 13:17:14] [DEBUG] filter configuration loaded successfully
[2026-04-21 13:17:14] [DEBUG] filesystem initialization complete
[2026-04-21 13:17:14] [DEBUG] server starting
[2026-04-21 13:17:14] [DEBUG] server running on port 8080
[2026-04-21 13:17:17] [DEBUG] getFile
[2026-04-21 13:17:17] [DEBUG] No file found, searching db
[2026-04-21 13:17:17] [WARN] Failed to pullRecordByFilename sql: expected 8 destination arguments in Scan, not 7
[2026-04-21 13:19:15] [DEBUG] attempting to load filters
[2026-04-21 13:19:15] [DEBUG] filter configuration loaded successfully
[2026-04-21 13:19:15] [DEBUG] filesystem initialization complete
[2026-04-21 13:19:15] [DEBUG] server starting
[2026-04-21 13:19:15] [DEBUG] server running on port 8080
[2026-04-21 13:19:17] [DEBUG] getFile
[2026-04-21 13:19:17] [DEBUG] No file found, searching db
[2026-04-21 13:21:29] [DEBUG] attempting to load filters
[2026-04-21 13:21:29] [DEBUG] filter configuration loaded successfully
[2026-04-21 13:21:29] [DEBUG] filesystem initialization complete
[2026-04-21 13:21:29] [DEBUG] server starting
[2026-04-21 13:21:29] [DEBUG] server running on port 8080
[2026-04-21 13:21:30] [DEBUG] getFile
[2026-04-21 13:21:30] [DEBUG] No file found, searching db
[2026-04-21 13:21:30] [DEBUG] got this
[2026-04-21 13:39:36] [DEBUG] attempting to load filters
[2026-04-21 13:39:36] [DEBUG] filter configuration loaded successfully
[2026-04-21 13:39:36] [DEBUG] filesystem initialization complete
[2026-04-21 13:39:36] [DEBUG] server starting
[2026-04-21 13:39:36] [DEBUG] server running on port 8080
[2026-04-21 13:39:40] [DEBUG] getFile
[2026-04-21 13:39:40] [DEBUG] No file found, searching db
[2026-04-21 13:41:24] [DEBUG] uploadFile
[2026-04-21 13:41:24] [DEBUG] myfile
[2026-04-21 13:41:24] [DEBUG] somedata
[2026-04-21 13:41:24] [DEBUG] checking formats
[2026-04-21 13:41:24] [DEBUG] SHA256: 27052339536a08543f16b5fa0deb4ce554a70b697b27ee0143302d7e6ec4fe2f
[2026-04-21 13:41:24] [DEBUG] Attempting match with regex: .*\.txt$
[2026-04-21 13:41:24] [DEBUG] Match on pattern: .*\.txt$
[2026-04-21 13:41:24] [DEBUG] Action: move_to_directory
[2026-04-21 13:41:24] [DEBUG] Target dir: /text_files
[2026-04-21 13:41:24] [DEBUG] Placing file at ./store//text_files/1776793284_bee_moive_script.txt
[2026-04-21 13:41:46] [DEBUG] getFile
[2026-04-21 13:41:46] [DEBUG] No file found, searching db
[2026-04-21 13:45:03] [DEBUG] attempting to load filters
[2026-04-21 13:45:03] [DEBUG] filter configuration loaded successfully
[2026-04-21 13:45:03] [DEBUG] filesystem initialization complete
[2026-04-21 13:45:03] [DEBUG] server starting
[2026-04-21 13:45:03] [DEBUG] server running on port 8080
[2026-04-21 13:45:05] [DEBUG] getFile
[2026-04-21 13:45:05] [DEBUG] No file found, searching db
[2026-04-21 13:46:06] [DEBUG] attempting to load filters
[2026-04-21 13:46:06] [DEBUG] filter configuration loaded successfully
[2026-04-21 13:46:06] [DEBUG] filesystem initialization complete
[2026-04-21 13:46:06] [DEBUG] server starting
[2026-04-21 13:46:06] [DEBUG] server running on port 8080
[2026-04-21 13:46:08] [DEBUG] getFile
[2026-04-21 13:46:08] [DEBUG] No file found, searching db
[2026-04-21 13:50:44] [DEBUG] uploadFile
[2026-04-21 13:50:44] [DEBUG] myfile
[2026-04-21 13:50:44] [DEBUG] somedata
[2026-04-21 13:50:44] [DEBUG] checking formats
[2026-04-21 13:50:44] [WARN] invalid file type: .md
[2026-04-21 13:50:57] [DEBUG] uploadFile
[2026-04-21 13:50:57] [DEBUG] myfile
[2026-04-21 13:50:57] [DEBUG] somedata
[2026-04-21 13:50:57] [DEBUG] checking formats
[2026-04-21 13:50:57] [DEBUG] SHA256: 1dfb94274815041cc59ac7f620449be897d296fb76c737c2ec3efd42745fb2eb
[2026-04-21 13:50:57] [DEBUG] Attempting match with regex: .*\.txt$
[2026-04-21 13:50:57] [DEBUG] No match
[2026-04-21 13:50:57] [DEBUG] Attempting match with regex: .*\.(jpg|png|gif)$
[2026-04-21 13:50:57] [DEBUG] No match
[2026-04-21 13:50:57] [DEBUG] Attempting match with regex: .*\.(pdf)$
[2026-04-21 13:50:57] [DEBUG] Match on pattern: .*\.(pdf)$
[2026-04-21 13:50:57] [DEBUG] Action: move_to_directory
[2026-04-21 13:50:57] [DEBUG] Target dir: /pdf
[2026-04-21 13:50:57] [DEBUG] Placing file at ./store//pdf/1776793857_test.pdf
[2026-04-21 13:51:22] [DEBUG] getFile
[2026-04-21 13:52:02] [DEBUG] getFile
[2026-04-21 13:52:02] [DEBUG] No file found, searching db
[2026-04-21 13:52:09] [DEBUG] getFile
[2026-04-21 13:52:09] [DEBUG] No file found, searching db
[2026-04-21 13:53:42] [DEBUG] attempting to load filters
[2026-04-21 13:53:42] [DEBUG] filter configuration loaded successfully
[2026-04-21 13:53:42] [DEBUG] filesystem initialization complete
[2026-04-21 13:53:42] [DEBUG] server starting
[2026-04-21 13:53:42] [DEBUG] server running on port 8080
[2026-04-21 13:53:46] [DEBUG] uploadFile
[2026-04-21 13:53:46] [DEBUG] myfile
[2026-04-21 13:53:46] [DEBUG] somedata
[2026-04-21 13:53:46] [DEBUG] checking formats
[2026-04-21 13:53:46] [DEBUG] SHA256: 1dfb94274815041cc59ac7f620449be897d296fb76c737c2ec3efd42745fb2eb
[2026-04-21 13:53:46] [DEBUG] Attempting match with regex: .*\.txt$
[2026-04-21 13:53:46] [DEBUG] No match
[2026-04-21 13:53:46] [DEBUG] Attempting match with regex: .*\.(jpg|png|gif)$
[2026-04-21 13:53:46] [DEBUG] No match
[2026-04-21 13:53:46] [DEBUG] Attempting match with regex: .*\.(pdf)$
[2026-04-21 13:53:46] [DEBUG] Match on pattern: .*\.(pdf)$
[2026-04-21 13:53:46] [DEBUG] Action: move_to_directory
[2026-04-21 13:53:46] [DEBUG] Target dir: /pdf
[2026-04-21 13:53:46] [DEBUG] Placing file at ./store//pdf/1776794026_test.pdf
[2026-04-21 13:54:02] [DEBUG] getFile
[2026-04-21 13:54:02] [DEBUG] Checking cache
[2026-04-21 13:54:02] [DEBUG] Found file in cache
[2026-04-21 13:54:17] [DEBUG] getFile
[2026-04-21 13:54:17] [DEBUG] Checking cache
[2026-04-21 13:54:17] [DEBUG] No file found in cache, searching db
[2026-04-21 13:54:17] [DEBUG] Pulled this path from db store/pdf/1776794026_test.pdf
[2026-04-21 14:10:27] [DEBUG] attempting to load filters
[2026-04-21 14:10:27] [DEBUG] filter configuration loaded successfully
[2026-04-21 14:10:27] [DEBUG] filesystem initialization complete
[2026-04-21 14:10:27] [DEBUG] server starting
[2026-04-21 14:10:27] [DEBUG] server running on port 8080
[2026-04-21 14:22:43] [DEBUG] attempting to load filters
[2026-04-21 14:22:43] [DEBUG] filter configuration loaded successfully
[2026-04-21 14:22:43] [DEBUG] filesystem initialization complete
[2026-04-21 14:22:43] [DEBUG] server starting
[2026-04-21 14:22:43] [DEBUG] server running on port 8080
[2026-04-21 14:31:03] [DEBUG] attempting to load filters
[2026-04-21 14:31:03] [DEBUG] filter configuration loaded successfully
[2026-04-21 14:31:03] [DEBUG] filesystem initialization complete
[2026-04-21 14:31:03] [DEBUG] server starting
[2026-04-21 14:31:03] [DEBUG] server running on port 8080
[2026-04-21 14:34:45] [DEBUG] attempting to load filters
[2026-04-21 14:34:45] [DEBUG] filter configuration loaded successfully
[2026-04-21 14:34:45] [DEBUG] filesystem initialization complete
[2026-04-21 14:34:45] [DEBUG] server starting
[2026-04-21 14:34:45] [DEBUG] server running on port 8080
[2026-04-21 14:34:48] [DEBUG] getFile
[2026-04-21 14:34:48] [DEBUG] Checking cache
[2026-04-21 14:34:48] [DEBUG] No file found in cache, searching db
[2026-04-21 14:34:48] [DEBUG] Pulled this path from db store/pdf/1776794026_test.pdf
[2026-04-21 14:36:04] [DEBUG] attempting to load filters
[2026-04-21 14:36:04] [DEBUG] filter configuration loaded successfully
[2026-04-21 14:36:04] [DEBUG] filesystem initialization complete
[2026-04-21 14:36:04] [DEBUG] server starting
[2026-04-21 14:36:04] [DEBUG] server running on port 8080
[2026-04-21 14:37:07] [DEBUG] attempting to load filters
[2026-04-21 14:37:07] [DEBUG] filter configuration loaded successfully
[2026-04-21 14:37:07] [DEBUG] filesystem initialization complete
[2026-04-21 14:37:07] [DEBUG] server starting
[2026-04-21 14:37:07] [DEBUG] server running on port 8080
[2026-04-21 14:37:33] [DEBUG] attempting to load filters
[2026-04-21 14:37:33] [DEBUG] filter configuration loaded successfully
[2026-04-21 14:37:33] [DEBUG] filesystem initialization complete
[2026-04-21 14:37:33] [DEBUG] server starting
[2026-04-21 14:37:33] [DEBUG] server running on port 8080
[2026-04-21 14:39:29] [DEBUG] attempting to load filters
[2026-04-21 14:39:29] [DEBUG] filter configuration loaded successfully
[2026-04-21 14:39:29] [DEBUG] filesystem initialization complete
[2026-04-21 14:39:29] [DEBUG] server starting
[2026-04-21 14:39:29] [DEBUG] server running on port 8080
[2026-04-21 14:41:29] [DEBUG] Creating zip backup
[2026-04-21 14:41:29] [WARN] mkdir /20260421_144129/backup/zip: no such file or directory
[2026-04-21 14:41:29] [WARN] open /20260421_144129/backup/zip: no such file or directory
[2026-04-21 14:41:29] [DEBUG] opening first file...
[2026-04-21 14:41:29] [WARN] open test.csv: no such file or directory
[2026-04-21 14:41:29] [DEBUG] writing first file to archive...
[2026-04-21 14:41:29] [WARN] invalid argument
[2026-04-21 14:41:29] [DEBUG] closing zip archive...
[2026-04-21 14:45:14] [DEBUG] attempting to load filters
[2026-04-21 14:45:14] [DEBUG] filter configuration loaded successfully
[2026-04-21 14:45:14] [DEBUG] filesystem initialization complete
[2026-04-21 14:45:14] [DEBUG] server starting
[2026-04-21 14:45:14] [DEBUG] server running on port 8080
[2026-04-21 14:46:14] [DEBUG] Creating zip backup
[2026-04-21 14:46:14] [WARN] open backup/20260421_144614/backup/zip: no such file or directory
[2026-04-21 14:46:14] [DEBUG] opening first file...
[2026-04-21 14:46:14] [WARN] open test.csv: no such file or directory
[2026-04-21 14:46:14] [DEBUG] writing first file to archive...
[2026-04-21 14:46:14] [WARN] invalid argument
[2026-04-21 14:46:14] [DEBUG] closing zip archive...
[2026-04-21 14:47:35] [DEBUG] attempting to load filters
[2026-04-21 14:47:35] [DEBUG] filter configuration loaded successfully
[2026-04-21 14:47:35] [DEBUG] filesystem initialization complete
[2026-04-21 14:47:35] [DEBUG] server starting
[2026-04-21 14:47:35] [DEBUG] server running on port 8080
[2026-04-21 14:50:29] [DEBUG] attempting to load filters
[2026-04-21 14:50:29] [DEBUG] filter configuration loaded successfully
[2026-04-21 14:50:29] [DEBUG] filesystem initialization complete
[2026-04-21 14:50:29] [DEBUG] server starting
[2026-04-21 14:50:29] [DEBUG] server running on port 8080
[2026-04-21 14:51:29] [DEBUG] Creating zip backup
[2026-04-21 14:52:29] [DEBUG] Creating zip backup
