[2026-05-02 14:08:53] [DEBUG] attempting to load filters
[2026-05-02 14:08:53] [DEBUG] filter configuration loaded successfully
[2026-05-02 14:08:53] [DEBUG] filesystem initialization complete
[2026-05-02 14:08:54] [DEBUG] 20115
[2026-05-02 14:08:54] [DEBUG] server starting
[2026-05-02 14:09:53] [DEBUG] Creating zip backup
[2026-05-02 14:09:53] [DEBUG] Zip written
[2026-05-02 14:09:53] [DEBUG] Zip written
[2026-05-02 14:09:53] [DEBUG] Zip written
[2026-05-02 14:09:53] [DEBUG] Zip written
[2026-05-02 14:09:53] [DEBUG] Zip written
[2026-05-02 14:10:53] [DEBUG] Creating zip backup
[2026-05-02 14:10:53] [DEBUG] Zip written
[2026-05-02 14:10:53] [DEBUG] Zip written
[2026-05-02 14:10:53] [DEBUG] Zip written
[2026-05-02 14:10:53] [DEBUG] Zip written
[2026-05-02 14:10:53] [DEBUG] Zip written
[2026-05-02 14:11:53] [DEBUG] Creating zip backup
[2026-05-02 14:11:53] [DEBUG] Zip written
[2026-05-02 14:11:53] [DEBUG] Zip written
[2026-05-02 14:11:53] [DEBUG] Zip written
[2026-05-02 14:11:53] [DEBUG] Zip written
[2026-05-02 14:11:53] [DEBUG] Zip written
[2026-05-02 14:19:15] [DEBUG] attempting to load filters
[2026-05-02 14:19:15] [DEBUG] filter configuration loaded successfully
[2026-05-02 14:19:15] [DEBUG] filesystem initialization complete
[2026-05-02 14:19:16] [DEBUG] 20115
[2026-05-02 14:19:16] [DEBUG] server starting
[2026-05-02 14:30:44] [DEBUG] attempting to load filters
[2026-05-02 14:30:44] [DEBUG] filter configuration loaded successfully
[2026-05-02 14:30:44] [DEBUG] filesystem initialization complete
[2026-05-02 14:30:45] [DEBUG] 20115
[2026-05-02 14:30:45] [DEBUG] server starting
[2026-05-02 14:31:03] [DEBUG] index
[2026-05-02 14:31:44] [DEBUG] Creating zip backup
[2026-05-02 14:31:44] [DEBUG] Zip written
[2026-05-02 14:31:44] [DEBUG] Zip written
[2026-05-02 14:31:44] [DEBUG] Zip written
[2026-05-02 14:31:44] [DEBUG] Zip written
[2026-05-02 14:31:44] [DEBUG] Zip written
[2026-05-02 14:32:44] [DEBUG] Creating zip backup
[2026-05-02 14:32:44] [DEBUG] Zip written
[2026-05-02 14:32:44] [DEBUG] Zip written
[2026-05-02 14:32:44] [DEBUG] Zip written
[2026-05-02 14:32:44] [DEBUG] Zip written
[2026-05-02 14:32:44] [DEBUG] Zip written
[2026-05-02 14:40:11] [DEBUG] attempting to load filters
[2026-05-02 14:40:11] [DEBUG] filter configuration loaded successfully
[2026-05-02 14:40:11] [DEBUG] filesystem initialization complete
[2026-05-02 14:40:11] [DEBUG] 20115
[2026-05-02 14:40:11] [DEBUG] server starting
[2026-05-02 14:43:36] [DEBUG] attempting to load filters
[2026-05-02 14:43:36] [DEBUG] filter configuration loaded successfully
[2026-05-02 14:43:36] [DEBUG] filesystem initialization complete
[2026-05-02 14:43:37] [DEBUG] 20115
[2026-05-02 14:43:37] [DEBUG] server starting
[2026-05-02 15:01:16] [DEBUG] attempting to load filters
[2026-05-02 15:01:16] [DEBUG] filter configuration loaded successfully
[2026-05-02 15:01:16] [DEBUG] filesystem initialization complete
[2026-05-02 15:01:16] [DEBUG] 20115
[2026-05-02 15:01:16] [DEBUG] server starting
[2026-05-02 15:16:41] [DEBUG] attempting to load filters
[2026-05-02 15:16:41] [DEBUG] filter configuration loaded successfully
[2026-05-02 15:16:41] [DEBUG] filesystem initialization complete
[2026-05-02 15:16:41] [DEBUG] 20115
[2026-05-02 15:16:41] [DEBUG] server starting
[2026-05-02 15:16:44] [DEBUG] index
[2026-05-02 15:25:05] [DEBUG] attempting to load filters
[2026-05-02 15:25:05] [DEBUG] filter configuration loaded successfully
[2026-05-02 15:25:05] [DEBUG] filesystem initialization complete
[2026-05-02 15:25:05] [DEBUG] 20115
[2026-05-02 15:25:05] [DEBUG] server starting
[2026-05-02 15:29:15] [DEBUG] attempting to load filters
[2026-05-02 15:29:15] [DEBUG] filter configuration loaded successfully
[2026-05-02 15:29:15] [DEBUG] filesystem initialization complete
[2026-05-02 15:29:16] [DEBUG] 20115
[2026-05-02 15:29:16] [DEBUG] server starting
[2026-05-02 15:31:07] [DEBUG] attempting to load filters
[2026-05-02 15:31:07] [DEBUG] filter configuration loaded successfully
[2026-05-02 15:31:07] [DEBUG] filesystem initialization complete
[2026-05-02 15:31:08] [DEBUG] 20115
[2026-05-02 15:31:08] [DEBUG] server starting
[2026-05-02 15:34:44] [DEBUG] attempting to load filters
[2026-05-02 15:34:44] [DEBUG] filter configuration loaded successfully
[2026-05-02 15:34:44] [DEBUG] filesystem initialization complete
[2026-05-02 15:34:44] [DEBUG] 20115
[2026-05-02 15:34:44] [DEBUG] server starting
[2026-05-02 15:35:30] [DEBUG] attempting to load filters
[2026-05-02 15:35:30] [DEBUG] filter configuration loaded successfully
[2026-05-02 15:35:30] [DEBUG] filesystem initialization complete
[2026-05-02 15:35:31] [DEBUG] 20115
[2026-05-02 15:35:31] [DEBUG] server starting
[2026-05-02 15:40:50] [DEBUG] attempting to load filters
[2026-05-02 15:40:50] [DEBUG] filter configuration loaded successfully
[2026-05-02 15:40:50] [DEBUG] filesystem initialization complete
[2026-05-02 15:40:50] [DEBUG] 20115
[2026-05-02 15:40:50] [DEBUG] server starting
[2026-05-02 15:41:52] [DEBUG] attempting to load filters
[2026-05-02 15:41:52] [DEBUG] filter configuration loaded successfully
[2026-05-02 15:41:52] [DEBUG] filesystem initialization complete
[2026-05-02 15:41:53] [DEBUG] 20115
[2026-05-02 15:41:53] [DEBUG] server starting
[2026-05-02 15:43:46] [DEBUG] attempting to load filters
[2026-05-02 15:43:46] [DEBUG] filter configuration loaded successfully
[2026-05-02 15:43:46] [DEBUG] filesystem initialization complete
[2026-05-02 15:43:46] [DEBUG] 20115
[2026-05-02 15:43:46] [DEBUG] server starting
[2026-05-02 15:45:39] [DEBUG] attempting to load filters
[2026-05-02 15:45:39] [DEBUG] filter configuration loaded successfully
[2026-05-02 15:45:39] [DEBUG] filesystem initialization complete
[2026-05-02 15:45:40] [DEBUG] 20115
[2026-05-02 15:45:40] [DEBUG] server starting
[2026-05-02 16:03:01] [DEBUG] attempting to load filters
[2026-05-02 16:03:01] [DEBUG] filter configuration loaded successfully
[2026-05-02 16:03:01] [DEBUG] filesystem initialization complete
[2026-05-02 16:03:02] [DEBUG] 20115
[2026-05-02 16:03:02] [DEBUG] server starting
