[2026-04-15 08:19:14] [DEBUG] starting cache clear daemon
[2026-04-15 08:19:14] [DEBUG] attempting to load filters
[2026-04-15 08:19:14] [DEBUG] filter configuration loaded successfully
[2026-04-15 08:19:14] [DEBUG] attempting to load filters
[2026-04-15 08:19:14] [DEBUG] filter configuration loaded successfully
[2026-04-15 08:19:14] [FATAL] Unable to load configs
[2026-04-15 08:19:38] [DEBUG] starting cache clear daemon
[2026-04-15 08:19:38] [DEBUG] attempting to load filters
[2026-04-15 08:19:38] [DEBUG] filter configuration loaded successfully
[2026-04-15 08:19:38] [DEBUG] attempting to load filters
[2026-04-15 08:19:38] [DEBUG] filter configuration loaded successfully
[2026-04-15 08:19:38] [DEBUG] filesystem initialization complete
[2026-04-15 08:19:38] [DEBUG] server starting
[2026-04-15 08:19:38] [DEBUG] server running on port 8080
[2026-04-15 08:22:08] [DEBUG] starting cache clear daemon
[2026-04-15 08:22:08] [DEBUG] attempting to load filters
[2026-04-15 08:22:08] [DEBUG] filter configuration loaded successfully
[2026-04-15 08:22:08] [DEBUG] attempting to load filters
[2026-04-15 08:22:08] [DEBUG] filter configuration loaded successfully
[2026-04-15 08:22:08] [DEBUG] filesystem initialization complete
[2026-04-15 08:22:08] [DEBUG] server starting
[2026-04-15 08:22:08] [DEBUG] server running on port 8080
[2026-04-15 08:24:56] [DEBUG] starting cache clear daemon
[2026-04-15 08:24:56] [DEBUG] attempting to load filters
[2026-04-15 08:24:56] [DEBUG] filter configuration loaded successfully
[2026-04-15 08:24:56] [DEBUG] filesystem initialization complete
[2026-04-15 08:24:56] [DEBUG] server starting
[2026-04-15 08:24:56] [DEBUG] server running on port 8080
[2026-04-15 08:53:40] [DEBUG] starting cache clear daemon
[2026-04-15 08:53:40] [DEBUG] attempting to load filters
[2026-04-15 08:53:40] [DEBUG] filter configuration loaded successfully
[2026-04-15 08:53:40] [DEBUG] filesystem initialization complete
[2026-04-15 08:53:40] [DEBUG] server starting
[2026-04-15 08:53:40] [DEBUG] server running on port 8080
[2026-04-15 09:20:18] [DEBUG] starting cache clear daemon
[2026-04-15 09:20:18] [DEBUG] attempting to load filters
[2026-04-15 09:20:18] [DEBUG] filter configuration loaded successfully
[2026-04-15 09:20:18] [DEBUG] filesystem initialization complete
[2026-04-15 09:20:18] [DEBUG] server starting
[2026-04-15 09:20:18] [DEBUG] server running on port 8080
[2026-04-15 09:20:20] [DEBUG] index
[2026-04-15 09:20:20] [DEBUG] uploadFile
[2026-04-15 09:20:20] [DEBUG] checking formats
[2026-04-15 09:20:20] [WARN] invalid file type: 
[2026-04-15 09:30:15] [DEBUG] index
[2026-04-15 09:30:15] [DEBUG] uploadFile
[2026-04-15 09:30:15] [DEBUG] checking formats
[2026-04-15 09:30:15] [WARN] invalid file type: 
[2026-04-15 09:30:15] [DEBUG] uploadFile
[2026-04-15 09:30:15] [DEBUG] checking formats
[2026-04-15 09:30:15] [WARN] invalid file type: .bin
[2026-04-15 09:30:44] [DEBUG] index
[2026-04-15 09:30:44] [DEBUG] uploadFile
[2026-04-15 09:30:44] [DEBUG] checking formats
[2026-04-15 09:30:44] [WARN] invalid file type: 
[2026-04-15 09:30:44] [DEBUG] uploadFile
[2026-04-15 09:30:44] [DEBUG] checking formats
[2026-04-15 09:30:44] [WARN] invalid file type: .bin
[2026-04-15 09:35:35] [DEBUG] index
[2026-04-15 09:35:35] [DEBUG] uploadFile
[2026-04-15 09:35:35] [DEBUG] checking formats
[2026-04-15 09:35:35] [WARN] invalid file type: .exe
[2026-04-15 09:35:35] [DEBUG] uploadFile
[2026-04-15 09:35:35] [DEBUG] checking formats
[2026-04-15 09:35:35] [WARN] invalid file type: .bin
[2026-04-15 09:35:36] [DEBUG] uploadFile
[2026-04-15 09:35:36] [DEBUG] checking formats
[2026-04-15 09:35:36] [WARN] invalid file type: .bin
[2026-04-15 09:36:34] [DEBUG] index
[2026-04-15 09:36:34] [DEBUG] uploadFile
[2026-04-15 09:36:34] [DEBUG] checking formats
[2026-04-15 09:36:34] [WARN] invalid file type: .exe
[2026-04-15 09:36:34] [DEBUG] uploadFile
[2026-04-15 09:36:34] [DEBUG] checking formats
[2026-04-15 09:36:34] [WARN] invalid file type: .bin
[2026-04-15 09:36:35] [DEBUG] uploadFile
[2026-04-15 09:36:35] [DEBUG] checking formats
[2026-04-15 09:36:35] [WARN] invalid file type: .bin
[2026-04-15 09:36:36] [DEBUG] uploadFile
[2026-04-15 09:36:36] [DEBUG] checking formats
[2026-04-15 09:36:36] [WARN] invalid file type: .bin
[2026-04-15 09:36:37] [DEBUG] uploadFile
[2026-04-15 09:36:37] [DEBUG] checking formats
[2026-04-15 09:36:37] [WARN] invalid file type: .exe
[2026-04-15 09:36:38] [DEBUG] uploadFile
[2026-04-15 09:36:38] [DEBUG] checking formats
[2026-04-15 09:36:38] [WARN] invalid file type: .bin
[2026-04-15 09:36:39] [DEBUG] uploadFile
[2026-04-15 09:36:39] [DEBUG] checking formats
[2026-04-15 09:36:39] [WARN] invalid file type: .bin
[2026-04-15 09:36:40] [DEBUG] uploadFile
[2026-04-15 09:36:40] [DEBUG] checking formats
[2026-04-15 09:36:40] [WARN] invalid file type: .bin
[2026-04-15 09:36:41] [DEBUG] uploadFile
[2026-04-15 09:36:41] [DEBUG] checking formats
[2026-04-15 09:36:41] [WARN] invalid file type: .bin
[2026-04-15 09:36:42] [DEBUG] uploadFile
[2026-04-15 09:36:42] [DEBUG] checking formats
[2026-04-15 09:36:42] [WARN] invalid file type: .bin
[2026-04-15 09:36:43] [DEBUG] uploadFile
[2026-04-15 09:36:43] [DEBUG] checking formats
[2026-04-15 09:36:43] [WARN] invalid file type: .bin
[2026-04-15 09:36:44] [DEBUG] uploadFile
[2026-04-15 09:36:44] [DEBUG] checking formats
[2026-04-15 09:36:44] [WARN] invalid file type: .exe
[2026-04-15 10:15:03] [DEBUG] starting cache clear daemon
[2026-04-15 10:15:03] [DEBUG] attempting to load filters
[2026-04-15 10:15:03] [DEBUG] filter configuration loaded successfully
[2026-04-15 10:15:03] [DEBUG] filesystem initialization complete
[2026-04-15 10:15:03] [DEBUG] server starting
[2026-04-15 10:15:03] [DEBUG] server running on port 8080
[2026-04-15 10:16:12] [DEBUG] starting cache clear daemon
[2026-04-15 10:16:12] [DEBUG] attempting to load filters
[2026-04-15 10:16:12] [DEBUG] filter configuration loaded successfully
[2026-04-15 10:16:12] [DEBUG] filesystem initialization complete
[2026-04-15 10:16:12] [DEBUG] server starting
[2026-04-15 10:16:12] [DEBUG] server running on port 8080
[2026-04-15 10:16:19] [DEBUG] uploadFile
[2026-04-15 10:16:19] [DEBUG] checking formats
[2026-04-15 10:16:19] [DEBUG] SHA256: 1dfb94274815041cc59ac7f620449be897d296fb76c737c2ec3efd42745fb2eb
[2026-04-15 10:16:19] [DEBUG] Match
[2026-04-15 10:21:14] [DEBUG] starting cache clear daemon
[2026-04-15 10:21:14] [DEBUG] attempting to load filters
[2026-04-15 10:21:14] [DEBUG] filter configuration loaded successfully
[2026-04-15 10:21:14] [DEBUG] filesystem initialization complete
[2026-04-15 10:21:14] [DEBUG] server starting
[2026-04-15 10:21:14] [DEBUG] server running on port 8080
[2026-04-15 10:21:17] [DEBUG] uploadFile
[2026-04-15 10:21:17] [DEBUG] checking formats
[2026-04-15 10:21:17] [DEBUG] SHA256: 1dfb94274815041cc59ac7f620449be897d296fb76c737c2ec3efd42745fb2eb
[2026-04-15 10:21:17] [DEBUG] .*\.txt$
[2026-04-15 10:21:17] [DEBUG] .*\.(jpg|png|gif)$
[2026-04-15 10:21:17] [DEBUG] .*\.(pdf|docx)$
[2026-04-15 10:21:17] [DEBUG] .*
[2026-04-15 10:21:17] [DEBUG] Match
[2026-04-15 10:24:43] [DEBUG] starting cache clear daemon
[2026-04-15 10:24:43] [DEBUG] attempting to load filters
[2026-04-15 10:24:43] [DEBUG] filter configuration loaded successfully
[2026-04-15 10:24:43] [DEBUG] filesystem initialization complete
[2026-04-15 10:24:43] [DEBUG] server starting
[2026-04-15 10:24:43] [DEBUG] server running on port 8080
[2026-04-15 10:24:44] [DEBUG] uploadFile
[2026-04-15 10:24:44] [DEBUG] checking formats
[2026-04-15 10:24:44] [DEBUG] SHA256: 1dfb94274815041cc59ac7f620449be897d296fb76c737c2ec3efd42745fb2eb
[2026-04-15 10:24:44] [DEBUG] Attempting match with regex: .*\.txt$
[2026-04-15 10:24:44] [DEBUG] No match
[2026-04-15 10:24:44] [DEBUG] Attempting match with regex: .*\.(jpg|png|gif)$
[2026-04-15 10:24:44] [DEBUG] No match
[2026-04-15 10:24:44] [DEBUG] Attempting match with regex: .*\.(pdf|docx)$
[2026-04-15 10:24:44] [DEBUG] Match
[2026-04-15 10:24:44] [DEBUG] Attempting match with regex: .*
[2026-04-15 10:24:44] [DEBUG] Match
[2026-04-15 10:25:20] [DEBUG] starting cache clear daemon
[2026-04-15 10:25:20] [DEBUG] attempting to load filters
[2026-04-15 10:25:20] [DEBUG] filter configuration loaded successfully
[2026-04-15 10:25:20] [DEBUG] filesystem initialization complete
[2026-04-15 10:25:20] [DEBUG] server starting
[2026-04-15 10:25:20] [DEBUG] server running on port 8080
[2026-04-15 10:25:22] [DEBUG] uploadFile
[2026-04-15 10:25:22] [DEBUG] checking formats
[2026-04-15 10:25:22] [DEBUG] SHA256: 1dfb94274815041cc59ac7f620449be897d296fb76c737c2ec3efd42745fb2eb
[2026-04-15 10:25:22] [DEBUG] Attempting match with regex: .*\.txt$
[2026-04-15 10:25:22] [DEBUG] No match
[2026-04-15 10:25:22] [DEBUG] Attempting match with regex: .*\.(jpg|png|gif)$
[2026-04-15 10:25:22] [DEBUG] No match
[2026-04-15 10:25:22] [DEBUG] Attempting match with regex: .*\.(pdf|docx)$
[2026-04-15 10:25:22] [DEBUG] Match on pattern: .*\.(pdf|docx)$
[2026-04-15 10:25:22] [DEBUG] Attempting match with regex: .*
[2026-04-15 10:25:22] [DEBUG] Match on pattern: .*
[2026-04-15 10:25:57] [DEBUG] starting cache clear daemon
[2026-04-15 10:25:57] [DEBUG] attempting to load filters
[2026-04-15 10:25:57] [DEBUG] filter configuration loaded successfully
[2026-04-15 10:25:57] [DEBUG] filesystem initialization complete
[2026-04-15 10:25:57] [DEBUG] server starting
[2026-04-15 10:25:57] [DEBUG] server running on port 8080
[2026-04-15 10:25:58] [DEBUG] uploadFile
[2026-04-15 10:25:58] [DEBUG] checking formats
[2026-04-15 10:25:58] [DEBUG] SHA256: 1dfb94274815041cc59ac7f620449be897d296fb76c737c2ec3efd42745fb2eb
[2026-04-15 10:25:58] [DEBUG] Attempting match with regex: .*\.txt$
[2026-04-15 10:25:58] [DEBUG] No match
[2026-04-15 10:25:58] [DEBUG] Attempting match with regex: .*\.(jpg|png|gif)$
[2026-04-15 10:25:58] [DEBUG] No match
[2026-04-15 10:25:58] [DEBUG] Attempting match with regex: .*\.(pdf|docx)$
[2026-04-15 10:25:58] [DEBUG] Match on pattern: .*\.(pdf|docx)$
[2026-04-15 10:32:38] [DEBUG] starting cache clear daemon
[2026-04-15 10:32:38] [DEBUG] attempting to load filters
[2026-04-15 10:32:38] [DEBUG] filter configuration loaded successfully
[2026-04-15 10:32:38] [DEBUG] filesystem initialization complete
[2026-04-15 10:32:38] [DEBUG] server starting
[2026-04-15 10:32:38] [DEBUG] server running on port 8080
[2026-04-15 10:32:39] [DEBUG] uploadFile
[2026-04-15 10:32:39] [DEBUG] checking formats
[2026-04-15 10:32:39] [DEBUG] SHA256: 1dfb94274815041cc59ac7f620449be897d296fb76c737c2ec3efd42745fb2eb
[2026-04-15 10:32:39] [DEBUG] Attempting match with regex: .*\.txt$
[2026-04-15 10:32:39] [DEBUG] No match
[2026-04-15 10:32:39] [DEBUG] Attempting match with regex: .*\.(jpg|png|gif)$
[2026-04-15 10:32:39] [DEBUG] No match
[2026-04-15 10:32:39] [DEBUG] Attempting match with regex: .*\.(pdf|docx)$
[2026-04-15 10:32:39] [DEBUG] Match on pattern: .*\.(pdf|docx)$
[2026-04-15 10:32:39] [DEBUG] Action: move_to_directory
[2026-04-15 10:32:39] [DEBUG] Target dir: /pdf
[2026-04-15 10:37:19] [DEBUG] starting cache clear daemon
[2026-04-15 10:37:19] [DEBUG] attempting to load filters
[2026-04-15 10:37:19] [DEBUG] filter configuration loaded successfully
[2026-04-15 10:37:19] [DEBUG] filesystem initialization complete
[2026-04-15 10:37:19] [DEBUG] server starting
[2026-04-15 10:37:19] [DEBUG] server running on port 8080
[2026-04-15 10:37:59] [DEBUG] uploadFile
[2026-04-15 10:37:59] [DEBUG] checking formats
[2026-04-15 10:37:59] [DEBUG] SHA256: 387fbf2c8a2fa85bab01343d34acd5b18bebe6d507cfd6af7fb00c18a3b18014
[2026-04-15 10:37:59] [DEBUG] Attempting match with regex: .*\.txt$
[2026-04-15 10:37:59] [DEBUG] No match
[2026-04-15 10:37:59] [DEBUG] Attempting match with regex: .*\.(jpg|png|gif)$
[2026-04-15 10:37:59] [DEBUG] Match on pattern: .*\.(jpg|png|gif)$
[2026-04-15 10:37:59] [DEBUG] Action: move_to_directory
[2026-04-15 10:37:59] [DEBUG] Target dir: /documents/images
[2026-04-15 10:37:59] [DEBUG] Attempting match with regex: .*\.(pdf|docx)$
[2026-04-15 10:37:59] [DEBUG] No match
[2026-04-15 10:38:33] [DEBUG] uploadFile
[2026-04-15 10:38:33] [DEBUG] checking formats
[2026-04-15 10:38:33] [DEBUG] SHA256: 1dfb94274815041cc59ac7f620449be897d296fb76c737c2ec3efd42745fb2eb
[2026-04-15 10:38:33] [DEBUG] Attempting match with regex: .*\.txt$
[2026-04-15 10:38:33] [DEBUG] No match
[2026-04-15 10:38:33] [DEBUG] Attempting match with regex: .*\.(jpg|png|gif)$
[2026-04-15 10:38:33] [DEBUG] No match
[2026-04-15 10:38:33] [DEBUG] Attempting match with regex: .*\.(pdf|docx)$
[2026-04-15 10:38:33] [DEBUG] Match on pattern: .*\.(pdf|docx)$
[2026-04-15 10:38:33] [DEBUG] Action: move_to_directory
[2026-04-15 10:38:33] [DEBUG] Target dir: /pdf
[2026-04-15 10:43:16] [DEBUG] starting cache clear daemon
[2026-04-15 10:43:16] [DEBUG] attempting to load filters
[2026-04-15 10:43:16] [DEBUG] filter configuration loaded successfully
[2026-04-15 10:43:16] [DEBUG] filesystem initialization complete
[2026-04-15 10:43:16] [DEBUG] server starting
[2026-04-15 10:43:16] [DEBUG] server running on port 8080
[2026-04-15 10:43:18] [DEBUG] uploadFile
[2026-04-15 10:43:18] [DEBUG] checking formats
[2026-04-15 10:43:18] [DEBUG] SHA256: 1dfb94274815041cc59ac7f620449be897d296fb76c737c2ec3efd42745fb2eb
[2026-04-15 10:43:18] [DEBUG] Attempting match with regex: .*\.txt$
[2026-04-15 10:43:18] [DEBUG] No match
[2026-04-15 10:43:18] [DEBUG] Attempting match with regex: .*\.(jpg|png|gif)$
[2026-04-15 10:43:18] [DEBUG] No match
[2026-04-15 10:43:18] [DEBUG] Attempting match with regex: .*\.(pdf|docx)$
[2026-04-15 10:43:18] [DEBUG] Match on pattern: .*\.(pdf|docx)$
[2026-04-15 10:43:18] [DEBUG] Action: move_to_directory
[2026-04-15 10:43:18] [DEBUG] Target dir: /pdf
[2026-04-15 10:43:32] [DEBUG] uploadFile
[2026-04-15 10:43:32] [DEBUG] checking formats
[2026-04-15 10:43:32] [DEBUG] SHA256: 387fbf2c8a2fa85bab01343d34acd5b18bebe6d507cfd6af7fb00c18a3b18014
[2026-04-15 10:43:32] [DEBUG] Attempting match with regex: .*\.txt$
[2026-04-15 10:43:32] [DEBUG] No match
[2026-04-15 10:43:32] [DEBUG] Attempting match with regex: .*\.(jpg|png|gif)$
[2026-04-15 10:43:32] [DEBUG] Match on pattern: .*\.(jpg|png|gif)$
[2026-04-15 10:43:32] [DEBUG] Action: move_to_directory
[2026-04-15 10:43:32] [DEBUG] Target dir: /documents/images
[2026-04-15 10:46:58] [DEBUG] uploadFile
[2026-04-15 10:46:58] [WARN] request Content-Type isn't multipart/form-data
[2026-04-15 10:47:12] [DEBUG] uploadFile
[2026-04-15 10:47:12] [WARN] request Content-Type isn't multipart/form-data
[2026-04-15 10:47:36] [DEBUG] uploadFile
[2026-04-15 10:47:36] [DEBUG] checking formats
[2026-04-15 10:47:36] [DEBUG] SHA256: 27052339536a08543f16b5fa0deb4ce554a70b697b27ee0143302d7e6ec4fe2f
[2026-04-15 10:47:36] [DEBUG] Attempting match with regex: .*\.txt$
[2026-04-15 10:47:36] [DEBUG] Match on pattern: .*\.txt$
[2026-04-15 10:47:36] [DEBUG] Action: move_to_directory
[2026-04-15 10:47:36] [DEBUG] Target dir: /documents/text_files
[2026-04-15 11:11:42] [DEBUG] starting cache clear daemon
[2026-04-15 11:11:42] [DEBUG] attempting to load filters
[2026-04-15 11:11:42] [DEBUG] filter configuration loaded successfully
[2026-04-15 11:11:42] [DEBUG] filesystem initialization complete
[2026-04-15 11:11:42] [DEBUG] server starting
[2026-04-15 11:11:42] [DEBUG] server running on port 8080
[2026-04-15 11:27:54] [DEBUG] starting cache clear daemon
[2026-04-15 11:27:54] [DEBUG] attempting to load filters
[2026-04-15 11:27:54] [DEBUG] filter configuration loaded successfully
[2026-04-15 11:27:54] [DEBUG] filesystem initialization complete
[2026-04-15 11:27:54] [DEBUG] server starting
[2026-04-15 11:27:54] [DEBUG] server running on port 8080
[2026-04-15 11:32:12] [DEBUG] starting cache clear daemon
[2026-04-15 11:32:12] [DEBUG] attempting to load filters
[2026-04-15 11:32:12] [DEBUG] filter configuration loaded successfully
[2026-04-15 11:32:12] [DEBUG] filesystem initialization complete
[2026-04-15 11:32:12] [DEBUG] server starting
[2026-04-15 11:32:12] [DEBUG] server running on port 8080
[2026-04-15 11:32:14] [DEBUG] uploadFile
[2026-04-15 11:32:14] [DEBUG] checking formats
[2026-04-15 11:32:14] [DEBUG] SHA256: 27052339536a08543f16b5fa0deb4ce554a70b697b27ee0143302d7e6ec4fe2f
[2026-04-15 11:32:14] [DEBUG] Attempting match with regex: .*\.txt$
[2026-04-15 11:32:14] [DEBUG] Match on pattern: .*\.txt$
[2026-04-15 11:32:14] [DEBUG] Action: move_to_directory
[2026-04-15 11:32:14] [DEBUG] Target dir: /text_files
[2026-04-15 11:32:14] [WARN] Failed to create directory for uploaded file mkdir /text_files: permission denied
[2026-04-15 11:32:14] [DEBUG] The path is 1776267134_bee_moive_script.txt
[2026-04-15 11:33:22] [DEBUG] starting cache clear daemon
[2026-04-15 11:33:22] [DEBUG] attempting to load filters
[2026-04-15 11:33:22] [DEBUG] filter configuration loaded successfully
[2026-04-15 11:33:22] [DEBUG] filesystem initialization complete
[2026-04-15 11:33:22] [DEBUG] server starting
[2026-04-15 11:33:22] [DEBUG] server running on port 8080
[2026-04-15 11:33:27] [DEBUG] uploadFile
[2026-04-15 11:33:27] [DEBUG] checking formats
[2026-04-15 11:33:27] [DEBUG] SHA256: 27052339536a08543f16b5fa0deb4ce554a70b697b27ee0143302d7e6ec4fe2f
[2026-04-15 11:33:27] [DEBUG] Attempting match with regex: .*\.txt$
[2026-04-15 11:33:27] [DEBUG] Match on pattern: .*\.txt$
[2026-04-15 11:33:27] [DEBUG] Action: move_to_directory
[2026-04-15 11:33:27] [DEBUG] Target dir: /text_files
[2026-04-15 11:33:27] [DEBUG] The path is 1776267207_bee_moive_script.txt
[2026-04-15 11:36:52] [DEBUG] starting cache clear daemon
[2026-04-15 11:36:52] [DEBUG] attempting to load filters
[2026-04-15 11:36:52] [DEBUG] filter configuration loaded successfully
[2026-04-15 11:36:52] [DEBUG] filesystem initialization complete
[2026-04-15 11:36:52] [DEBUG] server starting
[2026-04-15 11:36:52] [DEBUG] server running on port 8080
[2026-04-15 11:36:55] [DEBUG] uploadFile
[2026-04-15 11:36:55] [DEBUG] checking formats
[2026-04-15 11:36:55] [DEBUG] SHA256: 27052339536a08543f16b5fa0deb4ce554a70b697b27ee0143302d7e6ec4fe2f
[2026-04-15 11:36:55] [DEBUG] Attempting match with regex: .*\.txt$
[2026-04-15 11:36:55] [DEBUG] Match on pattern: .*\.txt$
[2026-04-15 11:36:55] [DEBUG] Action: move_to_directory
[2026-04-15 11:36:55] [DEBUG] Target dir: /text_files
[2026-04-15 11:36:55] [DEBUG] The path is 1776267415_bee_moive_script.txt
[2026-04-15 11:36:55] [WARN] rename ./cache1776267415_bee_moive_script.txt ./store1776267415_bee_moive_script.txt: no such file or directory
[2026-04-15 11:37:42] [DEBUG] starting cache clear daemon
[2026-04-15 11:37:42] [DEBUG] attempting to load filters
[2026-04-15 11:37:42] [DEBUG] filter configuration loaded successfully
[2026-04-15 11:37:42] [DEBUG] filesystem initialization complete
[2026-04-15 11:37:42] [DEBUG] server starting
[2026-04-15 11:37:42] [DEBUG] server running on port 8080
[2026-04-15 11:37:45] [DEBUG] uploadFile
[2026-04-15 11:37:45] [DEBUG] checking formats
[2026-04-15 11:37:45] [DEBUG] SHA256: 27052339536a08543f16b5fa0deb4ce554a70b697b27ee0143302d7e6ec4fe2f
[2026-04-15 11:37:45] [DEBUG] Attempting match with regex: .*\.txt$
[2026-04-15 11:37:45] [DEBUG] Match on pattern: .*\.txt$
[2026-04-15 11:37:45] [DEBUG] Action: move_to_directory
[2026-04-15 11:37:45] [DEBUG] Target dir: /text_files
[2026-04-15 11:37:45] [DEBUG] The path is 1776267465_bee_moive_script.txt
[2026-04-15 11:37:59] [DEBUG] uploadFile
[2026-04-15 11:37:59] [DEBUG] checking formats
[2026-04-15 11:37:59] [DEBUG] SHA256: 387fbf2c8a2fa85bab01343d34acd5b18bebe6d507cfd6af7fb00c18a3b18014
[2026-04-15 11:37:59] [DEBUG] Attempting match with regex: .*\.txt$
[2026-04-15 11:37:59] [DEBUG] No match
[2026-04-15 11:37:59] [DEBUG] Attempting match with regex: .*\.(jpg|png|gif)$
[2026-04-15 11:37:59] [DEBUG] Match on pattern: .*\.(jpg|png|gif)$
[2026-04-15 11:37:59] [DEBUG] Action: move_to_directory
[2026-04-15 11:37:59] [DEBUG] Target dir: /images
[2026-04-15 11:37:59] [DEBUG] The path is 1776267479_lenna.jpg
[2026-04-15 12:48:38] [DEBUG] starting cache clear daemon
[2026-04-15 12:48:38] [DEBUG] attempting to load filters
[2026-04-15 12:48:38] [DEBUG] filter configuration loaded successfully
[2026-04-15 12:48:38] [DEBUG] filesystem initialization complete
[2026-04-15 12:48:38] [DEBUG] server starting
[2026-04-15 12:48:38] [DEBUG] server running on port 8080
[2026-04-15 12:48:42] [DEBUG] uploadFile
[2026-04-15 12:48:42] [DEBUG] checking formats
[2026-04-15 12:48:42] [DEBUG] SHA256: 387fbf2c8a2fa85bab01343d34acd5b18bebe6d507cfd6af7fb00c18a3b18014
[2026-04-15 12:48:42] [DEBUG] Attempting match with regex: .*\.txt$
[2026-04-15 12:48:42] [DEBUG] No match
[2026-04-15 12:48:42] [DEBUG] Attempting match with regex: .*\.(jpg|png|gif)$
[2026-04-15 12:48:42] [DEBUG] Match on pattern: .*\.(jpg|png|gif)$
[2026-04-15 12:48:42] [DEBUG] Action: move_to_directory
[2026-04-15 12:48:42] [DEBUG] Target dir: /images
[2026-04-15 12:48:42] [DEBUG] ./cache/1776271722_lenna.jpg
[2026-04-15 12:48:42] [DEBUG] ./store/1776271722_lenna.jpg
[2026-04-15 12:53:22] [DEBUG] starting cache clear daemon
[2026-04-15 12:53:22] [DEBUG] attempting to load filters
[2026-04-15 12:53:22] [DEBUG] filter configuration loaded successfully
[2026-04-15 12:53:22] [DEBUG] filesystem initialization complete
[2026-04-15 12:53:22] [DEBUG] server starting
[2026-04-15 12:53:22] [DEBUG] server running on port 8080
[2026-04-15 12:53:24] [DEBUG] uploadFile
[2026-04-15 12:53:24] [DEBUG] checking formats
[2026-04-15 12:53:24] [DEBUG] SHA256: 387fbf2c8a2fa85bab01343d34acd5b18bebe6d507cfd6af7fb00c18a3b18014
[2026-04-15 12:53:24] [DEBUG] Attempting match with regex: .*\.txt$
[2026-04-15 12:53:24] [DEBUG] No match
[2026-04-15 12:53:24] [DEBUG] Attempting match with regex: .*\.(jpg|png|gif)$
[2026-04-15 12:53:24] [DEBUG] Match on pattern: .*\.(jpg|png|gif)$
[2026-04-15 12:53:24] [DEBUG] Action: move_to_directory
[2026-04-15 12:53:24] [DEBUG] Target dir: /images
[2026-04-15 12:53:24] [DEBUG] ./cache/1776272004_lenna.jpg
[2026-04-15 12:53:24] [DEBUG] ./store//images/1776272004_lenna.jpg
[2026-04-15 12:53:37] [DEBUG] uploadFile
[2026-04-15 12:53:37] [DEBUG] checking formats
[2026-04-15 12:53:37] [DEBUG] SHA256: 27052339536a08543f16b5fa0deb4ce554a70b697b27ee0143302d7e6ec4fe2f
[2026-04-15 12:53:37] [DEBUG] Attempting match with regex: .*\.txt$
[2026-04-15 12:53:37] [DEBUG] Match on pattern: .*\.txt$
[2026-04-15 12:53:37] [DEBUG] Action: move_to_directory
[2026-04-15 12:53:37] [DEBUG] Target dir: /text_files
[2026-04-15 12:53:37] [DEBUG] ./cache/1776272017_bee_moive_script.txt
[2026-04-15 12:53:37] [DEBUG] ./store//text_files/1776272017_bee_moive_script.txt
[2026-04-15 13:23:35] [DEBUG] starting cache clear daemon
[2026-04-15 13:23:35] [DEBUG] attempting to load filters
[2026-04-15 13:23:35] [DEBUG] filter configuration loaded successfully
[2026-04-15 13:23:35] [DEBUG] filesystem initialization complete
[2026-04-15 13:23:35] [DEBUG] server starting
[2026-04-15 13:23:35] [DEBUG] server running on port 8080
[2026-04-15 13:23:48] [DEBUG] uploadFile
[2026-04-15 13:23:48] [DEBUG] checking formats
[2026-04-15 13:23:48] [DEBUG] SHA256: 387fbf2c8a2fa85bab01343d34acd5b18bebe6d507cfd6af7fb00c18a3b18014
[2026-04-15 13:23:48] [DEBUG] Attempting match with regex: .*\.txt$
[2026-04-15 13:23:48] [DEBUG] No match
[2026-04-15 13:23:48] [DEBUG] Attempting match with regex: .*\.(jpg|png|gif)$
[2026-04-15 13:23:48] [DEBUG] Match on pattern: .*\.(jpg|png|gif)$
[2026-04-15 13:23:48] [DEBUG] Action: move_to_directory
[2026-04-15 13:23:48] [DEBUG] Target dir: /images
[2026-04-15 13:23:48] [DEBUG] Placing file at ./store//images/1776273828_lenna.jpg
[2026-04-15 13:23:51] [DEBUG] uploadFile
[2026-04-15 13:23:51] [DEBUG] checking formats
[2026-04-15 13:23:51] [DEBUG] SHA256: 27052339536a08543f16b5fa0deb4ce554a70b697b27ee0143302d7e6ec4fe2f
[2026-04-15 13:23:51] [DEBUG] Attempting match with regex: .*\.txt$
[2026-04-15 13:23:51] [DEBUG] Match on pattern: .*\.txt$
[2026-04-15 13:23:51] [DEBUG] Action: move_to_directory
[2026-04-15 13:23:51] [DEBUG] Target dir: /text_files
[2026-04-15 13:23:51] [DEBUG] Placing file at ./store//text_files/1776273831_bee_moive_script.txt
[2026-04-15 13:24:15] [DEBUG] starting cache clear daemon
[2026-04-15 13:24:15] [DEBUG] attempting to load filters
[2026-04-15 13:24:15] [DEBUG] filter configuration loaded successfully
[2026-04-15 13:24:15] [DEBUG] filesystem initialization complete
[2026-04-15 13:24:15] [DEBUG] server starting
[2026-04-15 13:24:15] [DEBUG] server running on port 8080
[2026-04-15 13:24:18] [DEBUG] uploadFile
[2026-04-15 13:24:18] [DEBUG] checking formats
[2026-04-15 13:24:18] [DEBUG] SHA256: 27052339536a08543f16b5fa0deb4ce554a70b697b27ee0143302d7e6ec4fe2f
[2026-04-15 13:24:18] [DEBUG] Attempting match with regex: .*\.txt$
[2026-04-15 13:24:18] [DEBUG] Match on pattern: .*\.txt$
[2026-04-15 13:24:18] [DEBUG] Action: move_to_directory
[2026-04-15 13:24:18] [DEBUG] Target dir: /text_files
[2026-04-15 13:24:18] [DEBUG] Placing file at ./store//text_files/1776273858_bee_moive_script.txt
[2026-04-15 13:29:34] [DEBUG] starting cache clear daemon
[2026-04-15 13:29:34] [DEBUG] attempting to load filters
[2026-04-15 13:29:34] [DEBUG] filter configuration loaded successfully
[2026-04-15 13:29:34] [DEBUG] filesystem initialization complete
[2026-04-15 13:29:34] [DEBUG] server starting
[2026-04-15 13:29:34] [DEBUG] server running on port 8080
[2026-04-15 13:30:52] [DEBUG] starting cache clear daemon
[2026-04-15 13:30:52] [DEBUG] attempting to load filters
[2026-04-15 13:30:52] [DEBUG] filter configuration loaded successfully
[2026-04-15 13:30:52] [DEBUG] filesystem initialization complete
[2026-04-15 13:30:52] [DEBUG] server starting
[2026-04-15 13:30:52] [DEBUG] server running on port 8080
[2026-04-15 13:31:34] [DEBUG] starting cache clear daemon
[2026-04-15 13:31:34] [DEBUG] attempting to load filters
[2026-04-15 13:31:34] [DEBUG] filter configuration loaded successfully
[2026-04-15 13:31:34] [DEBUG] filesystem initialization complete
[2026-04-15 13:31:34] [DEBUG] server starting
[2026-04-15 13:31:34] [DEBUG] server running on port 8080
[2026-04-15 13:31:37] [DEBUG] uploadFile
[2026-04-15 13:31:37] [DEBUG] checking formats
[2026-04-15 13:31:37] [DEBUG] SHA256: 27052339536a08543f16b5fa0deb4ce554a70b697b27ee0143302d7e6ec4fe2f
[2026-04-15 13:31:37] [DEBUG] Attempting match with regex: .*\.txt$
[2026-04-15 13:31:37] [DEBUG] Match on pattern: .*\.txt$
[2026-04-15 13:31:37] [DEBUG] Action: move_to_directory
[2026-04-15 13:31:37] [DEBUG] Target dir: /text_files
[2026-04-15 13:31:37] [DEBUG] Placing file at ./store//text_files/1776274297_bee_moive_script.txt
[2026-04-15 13:31:39] [DEBUG] uploadFile
[2026-04-15 13:31:39] [DEBUG] checking formats
[2026-04-15 13:31:39] [DEBUG] SHA256: 387fbf2c8a2fa85bab01343d34acd5b18bebe6d507cfd6af7fb00c18a3b18014
[2026-04-15 13:31:39] [DEBUG] Attempting match with regex: .*\.txt$
[2026-04-15 13:31:39] [DEBUG] No match
[2026-04-15 13:31:39] [DEBUG] Attempting match with regex: .*\.(jpg|png|gif)$
[2026-04-15 13:31:39] [DEBUG] Match on pattern: .*\.(jpg|png|gif)$
[2026-04-15 13:31:39] [DEBUG] Action: move_to_directory
[2026-04-15 13:31:39] [DEBUG] Target dir: /images
[2026-04-15 13:31:39] [DEBUG] Placing file at ./store//images/1776274299_lenna.jpg
[2026-04-15 13:31:44] [DEBUG] uploadFile
[2026-04-15 13:31:44] [DEBUG] checking formats
[2026-04-15 13:31:44] [DEBUG] SHA256: 1dfb94274815041cc59ac7f620449be897d296fb76c737c2ec3efd42745fb2eb
[2026-04-15 13:31:44] [DEBUG] Attempting match with regex: .*\.txt$
[2026-04-15 13:31:44] [DEBUG] No match
[2026-04-15 13:31:44] [DEBUG] Attempting match with regex: .*\.(jpg|png|gif)$
[2026-04-15 13:31:44] [DEBUG] No match
[2026-04-15 13:31:44] [DEBUG] Attempting match with regex: .*\.(pdf)$
[2026-04-15 13:31:44] [DEBUG] Match on pattern: .*\.(pdf)$
[2026-04-15 13:31:44] [DEBUG] Action: move_to_directory
[2026-04-15 13:31:44] [DEBUG] Target dir: /pdf
[2026-04-15 13:31:44] [DEBUG] Placing file at ./store//pdf/1776274304_test.pdf
[2026-04-15 13:31:45] [DEBUG] uploadFile
[2026-04-15 13:31:45] [DEBUG] checking formats
[2026-04-15 13:31:45] [DEBUG] SHA256: 1dfb94274815041cc59ac7f620449be897d296fb76c737c2ec3efd42745fb2eb
[2026-04-15 13:31:45] [DEBUG] Attempting match with regex: .*\.txt$
[2026-04-15 13:31:45] [DEBUG] No match
[2026-04-15 13:31:45] [DEBUG] Attempting match with regex: .*\.(jpg|png|gif)$
[2026-04-15 13:31:45] [DEBUG] No match
[2026-04-15 13:31:45] [DEBUG] Attempting match with regex: .*\.(pdf)$
[2026-04-15 13:31:45] [DEBUG] Match on pattern: .*\.(pdf)$
[2026-04-15 13:31:45] [DEBUG] Action: move_to_directory
[2026-04-15 13:31:45] [DEBUG] Target dir: /pdf
[2026-04-15 13:31:45] [DEBUG] Placing file at ./store//pdf/1776274305_test.pdf
[2026-04-15 13:32:37] [DEBUG] starting cache clear daemon
[2026-04-15 13:32:37] [DEBUG] attempting to load filters
[2026-04-15 13:32:37] [DEBUG] filter configuration loaded successfully
[2026-04-15 13:32:37] [DEBUG] filesystem initialization complete
[2026-04-15 13:32:37] [DEBUG] server starting
[2026-04-15 13:32:37] [DEBUG] server running on port 8080
[2026-04-15 13:33:37] [DEBUG] Running system cache dump
[2026-04-15 13:33:37] [FATAL] Failed to remove a file from the cache remove filename.txt: no such file or directory
[2026-04-15 13:34:55] [DEBUG] starting cache clear daemon
[2026-04-15 13:34:55] [DEBUG] attempting to load filters
[2026-04-15 13:34:55] [DEBUG] filter configuration loaded successfully
[2026-04-15 13:34:55] [DEBUG] filesystem initialization complete
[2026-04-15 13:34:55] [DEBUG] server starting
[2026-04-15 13:34:55] [DEBUG] server running on port 8080
[2026-04-15 13:35:55] [DEBUG] Running system cache dump
[2026-04-15 13:35:55] [FATAL] Failed to remove a file from the cache remove 1776273858_bee_moive_script.txt: no such file or directory
[2026-04-15 13:36:24] [DEBUG] starting cache clear daemon
[2026-04-15 13:36:24] [DEBUG] attempting to load filters
[2026-04-15 13:36:24] [DEBUG] filter configuration loaded successfully
[2026-04-15 13:36:24] [DEBUG] filesystem initialization complete
[2026-04-15 13:36:24] [DEBUG] server starting
[2026-04-15 13:36:24] [DEBUG] server running on port 8080
[2026-04-15 13:37:24] [DEBUG] Running system cache dump
[2026-04-15 13:37:24] [DEBUG] Cache dumped
[2026-04-15 13:38:24] [DEBUG] Running system cache dump
[2026-04-15 13:38:24] [DEBUG] Cache dumped
