[2026-05-27 09:49:02] [DEBUG] Loading plugins...
[2026-05-27 09:49:02] [DEBUG] Apluginsinit.lua
[2026-05-27 09:49:02] [DEBUG] imagefilter.lua
[2026-05-27 09:49:02] [DEBUG] testingfilter.lua
[2026-05-27 09:49:02] [DEBUG] tickMacro.lua
[2026-05-27 09:49:02] [DEBUG] 
[2026-05-27 09:49:02] [DEBUG] ====================
[2026-05-27 09:49:02] [DEBUG] 2 filter plugins loaded
[2026-05-27 09:49:02] [DEBUG] 0 script plugins loaded
[2026-05-27 09:49:02] [DEBUG] 1 init plugins loaded
[2026-05-27 09:49:02] [DEBUG] 1 tick plugins loaded
[2026-05-27 09:49:02] [DEBUG] ====================
[2026-05-27 09:49:02] [DEBUG] 
[2026-05-27 09:49:02] [DEBUG] filesystem initialization complete
[2026-05-27 09:49:02] [DEBUG] 20115
[2026-05-27 09:49:02] [DEBUG] server starting
[2026-05-27 09:49:02] [DEBUG] server running on port 8080
[2026-05-27 09:50:57] [DEBUG] uploadFile
[2026-05-27 09:50:57] [DEBUG] name: myfile
[2026-05-27 09:50:57] [DEBUG] data: somedata
[2026-05-27 09:50:57] [DEBUG] checking formats
[2026-05-27 09:50:57] [DEBUG] Vaild file type
[2026-05-27 09:50:57] [DEBUG] SHA256: 387fbf2c8a2fa85bab01343d34acd5b18bebe6d507cfd6af7fb00c18a3b18014
[2026-05-27 09:50:57] [DEBUG] Running filter plugin: imagefilter.lua
[2026-05-27 09:50:57] [DEBUG] Plugin modified entry: Act=uuuugggg, Meta=11111111111111111111111111111111
[2026-05-27 09:50:57] [DEBUG] Running filter plugin: testingfilter.lua
[2026-05-27 09:50:57] [DEBUG] Plugin modified entry: Act=uuuugggg, Meta=Gabriel was here
[2026-05-27 09:54:46] [DEBUG] uploadFile
[2026-05-27 09:54:46] [DEBUG] name: myfile
[2026-05-27 09:54:46] [DEBUG] data: somedata
[2026-05-27 09:54:46] [DEBUG] checking formats
[2026-05-27 09:54:46] [DEBUG] Vaild file type
[2026-05-27 09:54:46] [DEBUG] SHA256: 1dfb94274815041cc59ac7f620449be897d296fb76c737c2ec3efd42745fb2eb
[2026-05-27 09:54:46] [DEBUG] Running filter plugin: imagefilter.lua
[2026-05-27 09:54:46] [DEBUG] Plugin modified entry: Act=uuuugggg, Meta=11111111111111111111111111111111
[2026-05-27 09:54:46] [DEBUG] Running filter plugin: testingfilter.lua
[2026-05-27 09:54:46] [DEBUG] Plugin modified entry: Act=uuuugggg, Meta=Gabriel was here
[2026-05-27 09:56:29] [DEBUG] uploadFile
[2026-05-27 09:56:29] [DEBUG] name: myfile
[2026-05-27 09:56:29] [DEBUG] data: somedata
[2026-05-27 09:56:29] [DEBUG] checking formats
[2026-05-27 09:56:29] [WARN] invalid file type: 
