[2026-04-16 12:11:14] [DEBUG] starting cache clear daemon
[2026-04-16 12:11:14] [DEBUG] attempting to load filters
[2026-04-16 12:11:14] [DEBUG] filter configuration loaded successfully
[2026-04-16 12:11:14] [DEBUG] filesystem initialization complete
[2026-04-16 12:11:14] [DEBUG] server starting
[2026-04-16 12:11:14] [DEBUG] server running on port 8080
[2026-04-16 12:12:32] [DEBUG] starting cache clear daemon
[2026-04-16 12:12:32] [DEBUG] attempting to load filters
[2026-04-16 12:12:32] [DEBUG] filter configuration loaded successfully
[2026-04-16 12:12:32] [DEBUG] filesystem initialization complete
[2026-04-16 12:12:32] [DEBUG] server starting
[2026-04-16 12:12:32] [DEBUG] server running on port 8080
[2026-04-16 12:13:15] [DEBUG] starting cache clear daemon
[2026-04-16 12:13:15] [DEBUG] attempting to load filters
[2026-04-16 12:13:15] [DEBUG] filter configuration loaded successfully
[2026-04-16 12:13:15] [DEBUG] filesystem initialization complete
[2026-04-16 12:13:15] [DEBUG] server starting
[2026-04-16 12:13:15] [DEBUG] server running on port 8080
[2026-04-16 12:13:40] [DEBUG] starting cache clear daemon
[2026-04-16 12:13:40] [DEBUG] attempting to load filters
[2026-04-16 12:13:40] [DEBUG] filter configuration loaded successfully
[2026-04-16 12:13:40] [DEBUG] filesystem initialization complete
[2026-04-16 12:13:40] [DEBUG] Creating db
[2026-04-16 12:13:40] [DEBUG] server starting
[2026-04-16 12:13:40] [DEBUG] server running on port 8080
[2026-04-16 12:14:57] [DEBUG] starting cache clear daemon
[2026-04-16 12:14:57] [DEBUG] attempting to load filters
[2026-04-16 12:14:57] [DEBUG] filter configuration loaded successfully
[2026-04-16 12:14:57] [DEBUG] filesystem initialization complete
[2026-04-16 12:14:57] [DEBUG] Creating db
[2026-04-16 12:14:57] [DEBUG] server starting
[2026-04-16 12:14:57] [DEBUG] server running on port 8080
[2026-04-16 12:15:27] [DEBUG] starting cache clear daemon
[2026-04-16 12:15:27] [DEBUG] attempting to load filters
[2026-04-16 12:15:27] [DEBUG] filter configuration loaded successfully
[2026-04-16 12:15:27] [DEBUG] filesystem initialization complete
[2026-04-16 12:15:27] [DEBUG] Creating database
[2026-04-16 12:15:27] [DEBUG] server starting
[2026-04-16 12:15:27] [DEBUG] server running on port 8080
