[2026-04-10 12:56:57] [DEBUG] Server start
[2026-04-10 12:56:57] [DEBUG] Server is running at port: 8080
[2026-04-10 13:13:08] [DEBUG] Server start
[2026-04-10 13:13:08] [DEBUG] Server is running at port: 8080
[2026-04-10 13:13:35] [DEBUG] uploadFile
[2026-04-10 13:13:35] [WARN] Invalid file type: 
[2026-04-10 13:13:57] [DEBUG] uploadFile
[2026-04-10 13:13:57] [WARN] EOF
[2026-04-10 13:13:57] [WARN] EOF
[2026-04-10 13:16:47] [DEBUG] Server start
[2026-04-10 13:16:47] [DEBUG] Server is running at port: 8080
[2026-04-10 13:16:55] [DEBUG] uploadFile
[2026-04-10 13:16:55] [WARN] EOF
[2026-04-10 13:16:55] [WARN] EOF
[2026-04-10 13:16:59] [DEBUG] uploadFile
[2026-04-10 13:16:59] [WARN] EOF
[2026-04-10 13:16:59] [WARN] EOF
[2026-04-10 13:18:30] [DEBUG] Server start
[2026-04-10 13:18:30] [DEBUG] Server is running at port: 8080
[2026-04-10 13:18:32] [DEBUG] uploadFile
[2026-04-10 13:18:32] [DEBUG] checking formats
[2026-04-10 13:18:32] [WARN] EOF
[2026-04-10 13:18:32] [DEBUG] Not PE
[2026-04-10 13:18:32] [WARN] EOF
[2026-04-10 13:18:32] [DEBUG] Not ELF
[2026-04-10 13:19:37] [DEBUG] Server start
[2026-04-10 13:19:37] [DEBUG] Server is running at port: 8080
[2026-04-10 13:19:40] [DEBUG] uploadFile
[2026-04-10 13:19:40] [DEBUG] checking formats
[2026-04-10 13:19:40] [WARN] EOF
[2026-04-10 13:19:40] [DEBUG] Not PE
[2026-04-10 13:19:40] [WARN] EOF
[2026-04-10 13:19:40] [DEBUG] Not ELF
[2026-04-10 13:20:17] [DEBUG] Server start
[2026-04-10 13:20:17] [DEBUG] Server is running at port: 8080
[2026-04-10 13:20:19] [DEBUG] uploadFile
[2026-04-10 13:20:19] [DEBUG] checking formats
[2026-04-10 13:20:19] [WARN] EOF
[2026-04-10 13:20:19] [DEBUG] Not PE
[2026-04-10 13:20:19] [WARN] EOF
[2026-04-10 13:20:19] [DEBUG] Not ELF
[2026-04-10 13:22:22] [DEBUG] Server start
[2026-04-10 13:22:22] [DEBUG] Server is running at port: 8080
[2026-04-10 13:24:39] [DEBUG] Server start
[2026-04-10 13:24:39] [DEBUG] Server is running at port: 8080
[2026-04-10 13:25:07] [DEBUG] uploadFile
[2026-04-10 13:25:07] [DEBUG] checking formats
[2026-04-10 13:25:07] [WARN] EOF
[2026-04-10 13:25:07] [DEBUG] Not PE
[2026-04-10 13:25:07] [WARN] elf detected
[2026-04-10 13:27:03] [DEBUG] uploadFile
[2026-04-10 13:27:03] [DEBUG] checking formats
[2026-04-10 13:27:03] [WARN] EOF
[2026-04-10 13:27:03] [DEBUG] Not PE
[2026-04-10 13:27:03] [WARN] elf detected
