[2026-04-14 08:28:12] [DEBUG] Server start
[2026-04-14 08:28:12] [DEBUG] Server is running at port: 8080
[2026-04-14 08:30:53] [DEBUG] Server start
[2026-04-14 08:30:53] [DEBUG] Server is running at port: 8080
[2026-04-14 08:39:05] [DEBUG] Server start
[2026-04-14 08:39:05] [DEBUG] Server is running at port: 8080
[2026-04-14 08:52:42] [DEBUG] Server start
[2026-04-14 08:52:42] [DEBUG] Server is running at port: 8080
[2026-04-14 09:00:06] [DEBUG] Server start
[2026-04-14 09:00:06] [DEBUG] Server is running at port: 8080
[2026-04-14 09:09:54] [DEBUG] Server start
[2026-04-14 09:09:54] [DEBUG] Server is running at port: 8080
[2026-04-14 10:11:50] [DEBUG] Server start
[2026-04-14 10:11:50] [DEBUG] Server is running at port: 8080
[2026-04-14 10:15:55] [DEBUG] Server start
[2026-04-14 10:15:55] [DEBUG] Server is running at port: 8080
[2026-04-14 10:34:52] [DEBUG] Server start
[2026-04-14 10:34:52] [DEBUG] Server is running at port: 8080
[2026-04-14 10:46:31] [DEBUG] Server start
[2026-04-14 10:46:31] [DEBUG] Server is running at port: 8080
[2026-04-14 10:47:10] [DEBUG] master.json
[2026-04-14 10:47:10] [DEBUG] Server start
[2026-04-14 10:47:10] [DEBUG] Server is running at port: 8080
[2026-04-14 10:47:28] [DEBUG] master.json
[2026-04-14 10:47:28] [DEBUG] Server start
[2026-04-14 10:47:28] [DEBUG] Server is running at port: 8080
[2026-04-14 10:48:44] [DEBUG] Attempting to load filters
[2026-04-14 10:48:44] [DEBUG] Found filter(s)
[2026-04-14 10:48:44] [DEBUG] master.json
[2026-04-14 10:48:44] [DEBUG] Successfully loaded filters
[2026-04-14 10:48:44] [DEBUG] Server start
[2026-04-14 10:48:44] [DEBUG] Server is running at port: 8080
[2026-04-14 11:19:01] [DEBUG] Attempting to load filters
[2026-04-14 11:19:01] [DEBUG] Found filter(s)
[2026-04-14 11:19:01] [DEBUG] master.json
[2026-04-14 11:19:01] [DEBUG] Successfully loaded filters
[2026-04-14 11:19:01] [DEBUG] Server start
[2026-04-14 11:19:01] [DEBUG] Server is running at port: 8080
[2026-04-14 11:27:51] [DEBUG] Attempting to load filters
[2026-04-14 11:27:51] [FATAL] read ./rules: is a directory
[2026-04-14 11:29:03] [DEBUG] Attempting to load filters
[2026-04-14 11:29:03] [DEBUG] Server start
[2026-04-14 11:29:03] [DEBUG] Server is running at port: 8080
[2026-04-14 11:29:39] [DEBUG] Attempting to load filters
[2026-04-14 11:29:39] [DEBUG] Loading filters successful
[2026-04-14 11:29:39] [DEBUG] Server start
[2026-04-14 11:29:39] [DEBUG] Server is running at port: 8080
[2026-04-14 11:37:49] [DEBUG] Attempting to load filters
[2026-04-14 11:37:49] [FATAL] json: unknown field "priority"
[2026-04-14 11:39:20] [DEBUG] Attempting to load filters
[2026-04-14 11:39:20] [FATAL] json: unknown field "priority"
[2026-04-14 11:39:46] [DEBUG] Attempting to load filters
[2026-04-14 11:39:46] [DEBUG] Loading filters successful
[2026-04-14 11:39:46] [DEBUG] Server start
[2026-04-14 11:39:46] [DEBUG] Server is running at port: 8080
[2026-04-14 12:54:58] [DEBUG] Attempting to load filters
[2026-04-14 12:54:58] [DEBUG] Loading filters successful
[2026-04-14 12:54:58] [DEBUG] Server start
[2026-04-14 12:54:58] [DEBUG] Server is running at port: 8080
[2026-04-14 13:02:13] [DEBUG] Attempting to load filters
[2026-04-14 13:02:13] [DEBUG] Loading filters successful
[2026-04-14 13:02:13] [DEBUG] Server start
[2026-04-14 13:02:13] [DEBUG] Server is running at port: 8080
[2026-04-14 13:02:49] [DEBUG] uploadFile
[2026-04-14 13:02:49] [DEBUG] checking formats
[2026-04-14 13:02:49] [WARN] EOF
[2026-04-14 13:02:49] [WARN] EOF
[2026-04-14 13:02:50] [DEBUG] uploadFile
[2026-04-14 13:02:50] [DEBUG] checking formats
[2026-04-14 13:02:50] [WARN] EOF
[2026-04-14 13:02:50] [WARN] EOF
[2026-04-14 13:02:51] [DEBUG] uploadFile
[2026-04-14 13:02:51] [DEBUG] checking formats
[2026-04-14 13:02:51] [WARN] EOF
[2026-04-14 13:02:51] [WARN] EOF
[2026-04-14 13:02:52] [DEBUG] uploadFile
[2026-04-14 13:02:52] [DEBUG] checking formats
[2026-04-14 13:02:52] [WARN] EOF
[2026-04-14 13:02:52] [WARN] EOF
[2026-04-14 13:03:51] [DEBUG] listFiles
[2026-04-14 13:04:19] [DEBUG] getFile
[2026-04-14 13:04:38] [DEBUG] getFile
[2026-04-14 13:08:08] [DEBUG] Attempting to load filters
[2026-04-14 13:08:08] [DEBUG] Loading filters successful
[2026-04-14 13:08:08] [DEBUG] Server start
[2026-04-14 13:08:08] [DEBUG] Server is running at port: 8080
[2026-04-14 13:08:10] [DEBUG] getFile
[2026-04-14 13:08:10] [DEBUG] /home/gabrielt/Documents/git/CrossDocTool/cache/1776186170_g.txt
[2026-04-14 13:08:39] [DEBUG] Attempting to load filters
[2026-04-14 13:08:39] [DEBUG] Loading filters successful
[2026-04-14 13:08:39] [DEBUG] Server start
[2026-04-14 13:08:39] [DEBUG] Server is running at port: 8080
[2026-04-14 13:08:42] [DEBUG] getFile
[2026-04-14 13:08:42] [DEBUG] /home/gabrielt/Documents/git/CrossDocTool/cache/1776186170_g.txt
[2026-04-14 13:09:15] [DEBUG] getFile
[2026-04-14 13:09:15] [DEBUG] /home/gabrielt/Documents/git/CrossDocTool/cache/1776186170_g.txt
[2026-04-14 13:09:26] [DEBUG] Attempting to load filters
[2026-04-14 13:09:26] [DEBUG] Loading filters successful
[2026-04-14 13:09:26] [DEBUG] Server start
[2026-04-14 13:09:26] [DEBUG] Server is running at port: 8080
[2026-04-14 13:11:41] [DEBUG] Attempting to load filters
[2026-04-14 13:11:41] [DEBUG] Loading filters successful
[2026-04-14 13:11:41] [DEBUG] Server start
[2026-04-14 13:11:41] [DEBUG] Server is running at port: 8080
[2026-04-14 13:11:47] [DEBUG] getFile
[2026-04-14 13:11:47] [DEBUG] No metadata will be pulled
[2026-04-14 13:11:47] [DEBUG] /home/gabrielt/Documents/git/CrossDocTool/cache/1776186170_g.txt
[2026-04-14 13:14:25] [DEBUG] listFiles
[2026-04-14 13:15:36] [DEBUG] Attempting to load filters
[2026-04-14 13:15:36] [DEBUG] Loading filters successful
[2026-04-14 13:15:36] [DEBUG] Server start
[2026-04-14 13:15:36] [DEBUG] Server is running at port: 8080
[2026-04-14 13:15:40] [DEBUG] getFile
[2026-04-14 13:15:40] [DEBUG] No metadata will be pulled
[2026-04-14 13:15:40] [DEBUG] cache/1776186170_g.txtgetFile
[2026-04-14 13:15:40] [DEBUG] /home/gabrielt/Documents/git/CrossDocTool/cache/1776186170_g.txt
[2026-04-14 13:16:19] [DEBUG] getFile
[2026-04-14 13:16:19] [DEBUG] No metadata will be pulled
[2026-04-14 13:16:19] [DEBUG] cache/1776186170_g.txtgetFile
[2026-04-14 13:16:19] [DEBUG] /home/gabrielt/Documents/git/CrossDocTool/cache/1776186170_g.txt
[2026-04-14 14:27:57] [DEBUG] getFile
[2026-04-14 14:27:57] [DEBUG] No metadata will be pulled
[2026-04-14 14:27:57] [DEBUG] cache/1776186170_g.txtgetFile
[2026-04-14 14:27:57] [DEBUG] /home/gabrielt/Documents/git/CrossDocTool/cache/1776186170_g.txt
[2026-04-14 14:28:36] [DEBUG] Attempting to load filters
[2026-04-14 14:28:36] [DEBUG] Loading filters successful
[2026-04-14 14:28:36] [DEBUG] Server start
[2026-04-14 14:28:36] [DEBUG] Server is running at port: 8080
[2026-04-14 14:28:39] [DEBUG] getFile
[2026-04-14 14:28:39] [DEBUG] No metadata will be pulled
[2026-04-14 14:28:39] [DEBUG] cache/1776186170_g.txtgetFile
[2026-04-14 14:28:39] [DEBUG] /home/gabrielt/Documents/git/CrossDocTool/cache/1776186170_g.txt
[2026-04-14 14:28:39] [DEBUG] /home/gabrielt/Documents/git/CrossDocTool/cache/1776186170_g.txt
[2026-04-14 14:28:40] [DEBUG] getFile
[2026-04-14 14:28:40] [DEBUG] No metadata will be pulled
[2026-04-14 14:28:40] [DEBUG] cache/1776186170_g.txtgetFile
[2026-04-14 14:28:40] [DEBUG] /home/gabrielt/Documents/git/CrossDocTool/cache/1776186170_g.txt
[2026-04-14 14:28:40] [DEBUG] /home/gabrielt/Documents/git/CrossDocTool/cache/1776186170_g.txt
[2026-04-14 14:29:04] [DEBUG] Attempting to load filters
[2026-04-14 14:29:04] [DEBUG] Loading filters successful
[2026-04-14 14:29:04] [DEBUG] Server start
[2026-04-14 14:29:04] [DEBUG] Server is running at port: 8080
[2026-04-14 14:29:07] [DEBUG] getFile
[2026-04-14 14:29:07] [DEBUG] No metadata will be pulled
[2026-04-14 14:29:07] [DEBUG] /home/gabrielt/Documents/git/CrossDocTool/cache/1776186170_g.txt
[2026-04-14 14:29:07] [DEBUG] /home/gabrielt/Documents/git/CrossDocTool/cache/1776186170_g.txt ahhhhhhhhhhhhhhhhhhhhh
[2026-04-14 14:30:56] [DEBUG] Attempting to load filters
[2026-04-14 14:30:56] [DEBUG] Loading filters successful
[2026-04-14 14:30:56] [DEBUG] Server start
[2026-04-14 14:30:56] [DEBUG] Server is running at port: 8080
[2026-04-14 14:31:10] [DEBUG] getFile
[2026-04-14 14:31:10] [DEBUG] No metadata will be pulled
[2026-04-14 14:31:10] [DEBUG] /home/gabrielt/Documents/git/CrossDocTool/cache/1776186170_g.txt
[2026-04-14 14:31:10] [DEBUG] /home/gabrielt/Documents/git/CrossDocTool/cache/1776186170_g.txt ahhhhhhhhhhhhhhhhhhhhh
[2026-04-14 14:36:03] [DEBUG] Attempting to load filters
[2026-04-14 14:36:03] [DEBUG] Loading filters successful
[2026-04-14 14:36:03] [DEBUG] Server start
[2026-04-14 14:36:03] [DEBUG] Server is running at port: 8080
[2026-04-14 14:36:08] [DEBUG] getFile
[2026-04-14 14:36:08] [DEBUG] No metadata will be pulled
[2026-04-14 14:36:08] [DEBUG] Resolved absolute path: /home/gabrielt/Documents/git/CrossDocTool/cache/1776186170_g.txt
[2026-04-14 14:36:47] [DEBUG] getFile
[2026-04-14 14:36:47] [DEBUG] No metadata will be pulled
[2026-04-14 14:36:47] [DEBUG] Resolved absolute path: /home/gabrielt/Documents/git/CrossDocTool/cache/1776186170_g.txt
[2026-04-14 14:37:00] [DEBUG] getFile
[2026-04-14 14:37:00] [DEBUG] No metadata will be pulled
[2026-04-14 14:37:00] [DEBUG] Resolved absolute path: /home/gabrielt/Documents/git/CrossDocTool/cache/1776186170_g.txt
[2026-04-14 14:37:08] [DEBUG] getFile
[2026-04-14 14:37:08] [DEBUG] No metadata will be pulled
[2026-04-14 14:37:08] [DEBUG] Resolved absolute path: /home/gabrielt/Documents/git/CrossDocTool/cache/1776186170_g.txt
[2026-04-14 14:37:10] [DEBUG] getFile
[2026-04-14 14:37:10] [DEBUG] No metadata will be pulled
[2026-04-14 14:37:10] [DEBUG] Resolved absolute path: /home/gabrielt/Documents/git/CrossDocTool/cache/1776186170_g.txt
[2026-04-14 14:37:11] [DEBUG] getFile
[2026-04-14 14:37:11] [DEBUG] No metadata will be pulled
[2026-04-14 14:37:11] [DEBUG] Resolved absolute path: /home/gabrielt/Documents/git/CrossDocTool/cache/1776186170_g.txt
[2026-04-14 14:41:01] [DEBUG] index
